<html>
<body>
<pre>
<h1>µVision Build Log</h1>
<h2>Tool Versions:</h2>
IDE-Version: ¦ÌVision V5.39.0.0
Copyright (C) 2023 ARM Ltd and ARM Germany GmbH. All rights reserved.
License Information: gao peian, XUST, LIC=ZB4EI-TSZHT-QDEKD-8SQFE-2DWAS-DAKYZ
 
Tool Versions:
Toolchain:       MDK-ARM Plus  Version: 5.39.0.0
Toolchain Path:  D:\Program Files (x86)\Keil5\ARM\ARMCLANG\Bin
C Compiler:      ArmClang.exe V6.21
Assembler:       Armasm.exe V6.21
Linker/Locator:  ArmLink.exe V6.21
Library Manager: ArmAr.exe V6.21
Hex Converter:   FromElf.exe V6.21
CPU DLL:         SARMCM3.DLL V5.39.0.0
Dialog DLL:      DCM.DLL V1.17.5.0
Target DLL:      Segger\JL2CM3.dll V2.99.43.0
Dialog DLL:      TCM.DLL V1.56.4.0
 
<h2>Project:</h2>
D:\gaopeian\kjcxlab\HAL\H723VGT6\RC_485\MDK-ARM\RC_485.uvprojx
Project File Date:  04/22/2026

<h2>Output:</h2>
*** Using Compiler 'V6.21', folder: 'D:\Program Files (x86)\Keil5\ARM\ARMCLANG\Bin'
Build target 'RC_485'
../Core/Src/main.c(20): warning: In file included from...
../Core/Inc\main.h(41): warning: In file included from...
../Unitree\control.h(8): warning: redefinition of typedef 'UART_HandleTypeDef' is a C11 feature [-Wtypedef-redefinition]
    8 | typedef struct __UART_HandleTypeDef UART_HandleTypeDef;
      |                                     ^
../Drivers/STM32H7xx_HAL_Driver/Inc\stm32h7xx_hal_uart.h(292): note: previous definition is here
  292 | } UART_HandleTypeDef;
      |   ^
1 warning generated.
compiling main.c...
compiling stm32h7xx_hal_hsem.c...
compiling stm32h7xx_hal_gpio.c...
../Core/Src/usart.c(21): warning: In file included from...
../Core/Inc\usart.h(29): warning: In file included from...
../Core/Inc/main.h(41): warning: In file included from...
../Unitree\control.h(8): warning: redefinition of typedef 'UART_HandleTypeDef' is a C11 feature [-Wtypedef-redefinition]
    8 | typedef struct __UART_HandleTypeDef UART_HandleTypeDef;
      |                                     ^
../Drivers/STM32H7xx_HAL_Driver/Inc\stm32h7xx_hal_uart.h(292): note: previous definition is here
  292 | } UART_HandleTypeDef;
      |   ^
1 warning generated.
compiling usart.c...
../Core/Src/gpio.c(22): warning: In file included from...
../Core/Inc\gpio.h(29): warning: In file included from...
../Core/Inc/main.h(41): warning: In file included from...
../Unitree\control.h(8): warning: redefinition of typedef 'UART_HandleTypeDef' is a C11 feature [-Wtypedef-redefinition]
    8 | typedef struct __UART_HandleTypeDef UART_HandleTypeDef;
      |                                     ^
../Drivers/STM32H7xx_HAL_Driver/Inc\stm32h7xx_hal_uart.h(292): note: previous definition is here
  292 | } UART_HandleTypeDef;
      |   ^
1 warning generated.
compiling gpio.c...
../Core/Src/tim.c(21): warning: In file included from...
../Core/Inc\tim.h(29): warning: In file included from...
../Core/Inc/main.h(41): warning: In file included from...
../Unitree\control.h(8): warning: redefinition of typedef 'UART_HandleTypeDef' is a C11 feature [-Wtypedef-redefinition]
    8 | typedef struct __UART_HandleTypeDef UART_HandleTypeDef;
      |                                     ^
../Drivers/STM32H7xx_HAL_Driver/Inc\stm32h7xx_hal_uart.h(292): note: previous definition is here
  292 | } UART_HandleTypeDef;
      |   ^
1 warning generated.
compiling tim.c...
../Core/Src/dma.c(22): warning: In file included from...
../Core/Inc\dma.h(29): warning: In file included from...
../Core/Inc/main.h(41): warning: In file included from...
../Unitree\control.h(8): warning: redefinition of typedef 'UART_HandleTypeDef' is a C11 feature [-Wtypedef-redefinition]
    8 | typedef struct __UART_HandleTypeDef UART_HandleTypeDef;
      |                                     ^
../Drivers/STM32H7xx_HAL_Driver/Inc\stm32h7xx_hal_uart.h(292): note: previous definition is here
  292 | } UART_HandleTypeDef;
      |   ^
1 warning generated.
compiling dma.c...
../Core/Src/stm32h7xx_hal_msp.c(22): warning: In file included from...
../Core/Inc\main.h(41): warning: In file included from...
../Unitree\control.h(8): warning: redefinition of typedef 'UART_HandleTypeDef' is a C11 feature [-Wtypedef-redefinition]
    8 | typedef struct __UART_HandleTypeDef UART_HandleTypeDef;
      |                                     ^
../Drivers/STM32H7xx_HAL_Driver/Inc\stm32h7xx_hal_uart.h(292): note: previous definition is here
  292 | } UART_HandleTypeDef;
      |   ^
1 warning generated.
compiling stm32h7xx_hal_msp.c...
compiling stm32h7xx_hal_cortex.c...
../Core/Src/stm32h7xx_it.c(21): warning: In file included from...
../Core/Inc\main.h(41): warning: In file included from...
../Unitree\control.h(8): warning: redefinition of typedef 'UART_HandleTypeDef' is a C11 feature [-Wtypedef-redefinition]
    8 | typedef struct __UART_HandleTypeDef UART_HandleTypeDef;
      |                                     ^
../Drivers/STM32H7xx_HAL_Driver/Inc\stm32h7xx_hal_uart.h(292): note: previous definition is here
  292 | } UART_HandleTypeDef;
      |   ^
1 warning generated.
compiling stm32h7xx_it.c...
compiling stm32h7xx_hal_flash_ex.c...
compiling stm32h7xx_hal_flash.c...
compiling stm32h7xx_hal_rcc.c...
compiling stm32h7xx_hal_rcc_ex.c...
compiling stm32h7xx_hal_dma.c...
compiling stm32h7xx_hal_pwr.c...
compiling stm32h7xx_hal_dma_ex.c...
compiling stm32h7xx_hal_mdma.c...
compiling stm32h7xx_hal_pwr_ex.c...
compiling stm32h7xx_hal.c...
compiling stm32h7xx_hal_i2c_ex.c...
compiling stm32h7xx_hal_exti.c...
compiling note.c...
compiling pid.c...
compiling system_stm32h7xx.c...
../My_code/my_system.c(1): warning: In file included from...
../My_code/my_system.h(3): warning: In file included from...
../Core/Inc\main.h(41): warning: In file included from...
../Unitree\control.h(8): warning: redefinition of typedef 'UART_HandleTypeDef' is a C11 feature [-Wtypedef-redefinition]
    8 | typedef struct __UART_HandleTypeDef UART_HandleTypeDef;
      |                                     ^
../Drivers/STM32H7xx_HAL_Driver/Inc\stm32h7xx_hal_uart.h(292): note: previous definition is here
  292 | } UART_HandleTypeDef;
      |   ^
1 warning generated.
compiling my_system.c...
../My_code/motion.c(4): warning: In file included from...
../My_code/motion.h(4): warning: In file included from...
../Core/Inc\main.h(41): warning: In file included from...
../Unitree\control.h(8): warning: redefinition of typedef 'UART_HandleTypeDef' is a C11 feature [-Wtypedef-redefinition]
    8 | typedef struct __UART_HandleTypeDef UART_HandleTypeDef;
      |                                     ^
../Drivers/STM32H7xx_HAL_Driver/Inc\stm32h7xx_hal_uart.h(292): note: previous definition is here
  292 | } UART_HandleTypeDef;
      |   ^
1 warning generated.
compiling motion.c...
compiling stm32h7xx_hal_uart_ex.c...
../My_code/CRSF.c(1): warning: In file included from...
../My_code/CRSF.h(4): warning: In file included from...
../Core/Inc\main.h(41): warning: In file included from...
../Unitree\control.h(8): warning: redefinition of typedef 'UART_HandleTypeDef' is a C11 feature [-Wtypedef-redefinition]
    8 | typedef struct __UART_HandleTypeDef UART_HandleTypeDef;
      |                                     ^
../Drivers/STM32H7xx_HAL_Driver/Inc\stm32h7xx_hal_uart.h(292): note: previous definition is here
  292 | } UART_HandleTypeDef;
      |   ^
1 warning generated.
compiling CRSF.c...
../Unitree/gom_protocol.c(2): warning: In file included from...
../Unitree/crc_ccitt.h(4): warning: In file included from...
../Core/Inc\main.h(41): warning: In file included from...
../Unitree\control.h(8): warning: redefinition of typedef 'UART_HandleTypeDef' is a C11 feature [-Wtypedef-redefinition]
    8 | typedef struct __UART_HandleTypeDef UART_HandleTypeDef;
      |                                     ^
../Drivers/STM32H7xx_HAL_Driver/Inc\stm32h7xx_hal_uart.h(292): note: previous definition is here
  292 | } UART_HandleTypeDef;
      |   ^
1 warning generated.
compiling gom_protocol.c...
../Unitree/control.c(1): warning: In file included from...
../Core/Inc\main.h(41): warning: In file included from...
../Unitree\control.h(8): warning: redefinition of typedef 'UART_HandleTypeDef' is a C11 feature [-Wtypedef-redefinition]
    8 | typedef struct __UART_HandleTypeDef UART_HandleTypeDef;
      |                                     ^
../Drivers/STM32H7xx_HAL_Driver/Inc\stm32h7xx_hal_uart.h(292): note: previous definition is here
  292 | } UART_HandleTypeDef;
      |   ^
1 warning generated.
compiling control.c...
../Unitree/crc_ccitt.c(1): warning: In file included from...
../Unitree/crc_ccitt.h(4): warning: In file included from...
../Core/Inc\main.h(41): warning: In file included from...
../Unitree\control.h(8): warning: redefinition of typedef 'UART_HandleTypeDef' is a C11 feature [-Wtypedef-redefinition]
    8 | typedef struct __UART_HandleTypeDef UART_HandleTypeDef;
      |                                     ^
../Drivers/STM32H7xx_HAL_Driver/Inc\stm32h7xx_hal_uart.h(292): note: previous definition is here
  292 | } UART_HandleTypeDef;
      |   ^
1 warning generated.
compiling crc_ccitt.c...
compiling stm32h7xx_hal_tim_ex.c...
compiling stm32h7xx_hal_i2c.c...
compiling stm32h7xx_hal_uart.c...
compiling stm32h7xx_hal_tim.c...
linking...
Program Size: Code=39008 RO-data=3412 RW-data=188 ZI-data=4124  
FromELF: creating hex file...
"RC_485\RC_485.axf" - 0 Error(s), 13 Warning(s).

<h2>Software Packages used:</h2>

Package Vendor: ARM
                http://www.keil.com/pack/ARM.CMSIS.5.9.0.pack
                ARM::CMSIS@5.9.0
                CMSIS (Common Microcontroller Software Interface Standard)
   * Component: CORE Version: 5.6.0

Package Vendor: Keil
                https://www.keil.com/pack/Keil.STM32H7xx_DFP.4.1.3.pack
                Keil::STM32H7xx_DFP@4.1.3
                STMicroelectronics STM32H7 Series Device Support

<h2>Collection of Component include folders:</h2>
  ./RTE/_RC_485
  C:/Users/gaopeian/AppData/Local/Arm/Packs/ARM/CMSIS/5.9.0/CMSIS/Core/Include

<h2>Collection of Component Files used:</h2>

   * Component: ARM::CMSIS:CORE@5.6.0
      Include file:  CMSIS/Core/Include/tz_context.h
Build Time Elapsed:  00:00:03
</pre>
</body>
</html>
