Component: Arm Compiler for Embedded 6.21 Tool: armlink [5ec1fa00]

==============================================================================

Section Cross References

    startup_stm32h723xx.o(STACK) refers (Special) to heapauxi.o(.text) for __use_two_region_memory
    startup_stm32h723xx.o(HEAP) refers (Special) to heapauxi.o(.text) for __use_two_region_memory
    startup_stm32h723xx.o(RESET) refers (Special) to heapauxi.o(.text) for __use_two_region_memory
    startup_stm32h723xx.o(RESET) refers to startup_stm32h723xx.o(STACK) for __initial_sp
    startup_stm32h723xx.o(RESET) refers to startup_stm32h723xx.o(.text) for Reset_Handler
    startup_stm32h723xx.o(RESET) refers to stm32h7xx_it.o(.text.NMI_Handler) for NMI_Handler
    startup_stm32h723xx.o(RESET) refers to stm32h7xx_it.o(.text.HardFault_Handler) for HardFault_Handler
    startup_stm32h723xx.o(RESET) refers to stm32h7xx_it.o(.text.MemManage_Handler) for MemManage_Handler
    startup_stm32h723xx.o(RESET) refers to stm32h7xx_it.o(.text.BusFault_Handler) for BusFault_Handler
    startup_stm32h723xx.o(RESET) refers to stm32h7xx_it.o(.text.UsageFault_Handler) for UsageFault_Handler
    startup_stm32h723xx.o(RESET) refers to stm32h7xx_it.o(.text.SVC_Handler) for SVC_Handler
    startup_stm32h723xx.o(RESET) refers to stm32h7xx_it.o(.text.DebugMon_Handler) for DebugMon_Handler
    startup_stm32h723xx.o(RESET) refers to stm32h7xx_it.o(.text.PendSV_Handler) for PendSV_Handler
    startup_stm32h723xx.o(RESET) refers to stm32h7xx_it.o(.text.SysTick_Handler) for SysTick_Handler
    startup_stm32h723xx.o(RESET) refers to stm32h7xx_it.o(.text.DMA1_Stream0_IRQHandler) for DMA1_Stream0_IRQHandler
    startup_stm32h723xx.o(RESET) refers to stm32h7xx_it.o(.text.DMA1_Stream1_IRQHandler) for DMA1_Stream1_IRQHandler
    startup_stm32h723xx.o(RESET) refers to stm32h7xx_it.o(.text.DMA1_Stream2_IRQHandler) for DMA1_Stream2_IRQHandler
    startup_stm32h723xx.o(RESET) refers to stm32h7xx_it.o(.text.DMA1_Stream3_IRQHandler) for DMA1_Stream3_IRQHandler
    startup_stm32h723xx.o(RESET) refers to stm32h7xx_it.o(.text.DMA1_Stream4_IRQHandler) for DMA1_Stream4_IRQHandler
    startup_stm32h723xx.o(RESET) refers to stm32h7xx_it.o(.text.TIM1_UP_IRQHandler) for TIM1_UP_IRQHandler
    startup_stm32h723xx.o(RESET) refers to stm32h7xx_it.o(.text.USART2_IRQHandler) for USART2_IRQHandler
    startup_stm32h723xx.o(RESET) refers to stm32h7xx_it.o(.text.USART3_IRQHandler) for USART3_IRQHandler
    startup_stm32h723xx.o(RESET) refers to stm32h7xx_it.o(.text.UART5_IRQHandler) for UART5_IRQHandler
    startup_stm32h723xx.o(.text) refers (Special) to heapauxi.o(.text) for __use_two_region_memory
    startup_stm32h723xx.o(.text) refers to system_stm32h7xx.o(.text.ExitRun0Mode) for ExitRun0Mode
    startup_stm32h723xx.o(.text) refers to system_stm32h7xx.o(.text.SystemInit) for SystemInit
    startup_stm32h723xx.o(.text) refers to __main.o(!!!main) for __main
    startup_stm32h723xx.o(.text) refers to startup_stm32h723xx.o(HEAP) for Heap_Mem
    startup_stm32h723xx.o(.text) refers to startup_stm32h723xx.o(STACK) for Stack_Mem
    main.o(.text.main) refers to stm32h7xx_hal_cortex.o(.text.HAL_MPU_Disable) for HAL_MPU_Disable
    main.o(.text.main) refers to stm32h7xx_hal_cortex.o(.text.HAL_MPU_ConfigRegion) for HAL_MPU_ConfigRegion
    main.o(.text.main) refers to stm32h7xx_hal_cortex.o(.text.HAL_MPU_Enable) for HAL_MPU_Enable
    main.o(.text.main) refers to stm32h7xx_hal.o(.text.HAL_Init) for HAL_Init
    main.o(.text.main) refers to main.o(.text.SystemClock_Config) for SystemClock_Config
    main.o(.text.main) refers to gpio.o(.text.MX_GPIO_Init) for MX_GPIO_Init
    main.o(.text.main) refers to dma.o(.text.MX_DMA_Init) for MX_DMA_Init
    main.o(.text.main) refers to usart.o(.text.MX_USART2_UART_Init) for MX_USART2_UART_Init
    main.o(.text.main) refers to tim.o(.text.MX_TIM1_Init) for MX_TIM1_Init
    main.o(.text.main) refers to usart.o(.text.MX_USART3_UART_Init) for MX_USART3_UART_Init
    main.o(.text.main) refers to usart.o(.text.MX_UART5_Init) for MX_UART5_Init
    main.o(.text.main) refers to my_system.o(.text.DWT_Init) for DWT_Init
    main.o(.text.main) refers to stm32h7xx_hal.o(.text.HAL_Delay) for HAL_Delay
    main.o(.text.main) refers to main.o(.bss..L_MergedGlobals) for .L_MergedGlobals
    main.o(.text.main) refers to main.o(.bss..L_MergedGlobals.1) for .L_MergedGlobals.1
    main.o(.text.main) refers to usart.o(.bss.huart2) for huart2
    main.o(.text.main) refers to usart.o(.bss.huart3) for huart3
    main.o(.text.main) refers to control.o(.text.RS485_SetRxTimeout) for RS485_SetRxTimeout
    main.o(.text.main) refers to control.o(.text.RS485_SetMotorMask) for RS485_SetMotorMask
    main.o(.text.main) refers to control.o(.bss.cmd_0) for cmd_0
    main.o(.text.main) refers to control.o(.bss.cmd_1) for cmd_1
    main.o(.text.main) refers to control.o(.bss.cmd_2) for cmd_2
    main.o(.text.main) refers to control.o(.bss.cmd_3) for cmd_3
[...]
    [Anonymous Symbol]                       0x080086d8   Section        0  motion.o(.text.fivebar_inverse)
    [Anonymous Symbol]                       0x080087f0   Section        0  motion.o(.text.foot_ellipse_trajectory)
    [Anonymous Symbol]                       0x08008878   Section        0  main.o(.text.main)
    [Anonymous Symbol]                       0x08008b90   Section        0  gom_protocol.o(.text.modify_data)
    move_to_next_enabled_motor               0x08008d61   Thumb Code   140  control.o(.text.move_to_next_enabled_motor)
    [Anonymous Symbol]                       0x08008d60   Section        0  control.o(.text.move_to_next_enabled_motor)
    [Anonymous Symbol]                       0x08008df0   Section        0  motion.o(.text.output_to_rotor)
    i.__ARM_fpclassifyf                      0x08008e1a   Section        0  fpclassifyf.o(i.__ARM_fpclassifyf)
    i.__hardfp_acosf                         0x08008e40   Section        0  acosf.o(i.__hardfp_acosf)
    i.__hardfp_atan2f                        0x08008f58   Section        0  atan2f.o(i.__hardfp_atan2f)
    i.__hardfp_cosf                          0x08009204   Section        0  cosf.o(i.__hardfp_cosf)
    i.__hardfp_fmodf                         0x08009354   Section        0  fmodf.o(i.__hardfp_fmodf)
    i.__hardfp_sinf                          0x08009404   Section        0  sinf.o(i.__hardfp_sinf)
    i.__mathlib_flt_infnan                   0x08009594   Section        0  funder.o(i.__mathlib_flt_infnan)
    i.__mathlib_flt_infnan2                  0x0800959a   Section        0  funder.o(i.__mathlib_flt_infnan2)
    i.__mathlib_flt_invalid                  0x080095a0   Section        0  funder.o(i.__mathlib_flt_invalid)
    i.__mathlib_flt_underflow                0x080095b0   Section        0  funder.o(i.__mathlib_flt_underflow)
    i.__mathlib_rredf2                       0x080095c0   Section        0  rredf.o(i.__mathlib_rredf2)
    i.sqrtf                                  0x08009714   Section        0  sqrtf.o(i.sqrtf)
    $v0                                      0x08009752   Number         0  fnaninf.o(x$fpl$fnaninf)
    x$fpl$fnaninf                            0x08009752   Section      140  fnaninf.o(x$fpl$fnaninf)
    $v0                                      0x080097de   Number         0  fpinit.o(x$fpl$fpinit)
    x$fpl$fpinit                             0x080097de   Section       26  fpinit.o(x$fpl$fpinit)
    $v0                                      0x080097f8   Number         0  frem_clz.o(x$fpl$frem)
    x$fpl$frem                               0x080097f8   Section      244  frem_clz.o(x$fpl$frem)
    twooverpi                                0x080098ec   Data          32  rredf.o(.constdata)
    .constdata                               0x080098ec   Section       32  rredf.o(.constdata)
    x$fpl$usenofp                            0x080098ec   Section        0  usenofp.o(x$fpl$usenofp)
    .Lswitch.table.UART_SetConfig.7          0x0800990c   Data           6  stm32h7xx_hal_uart.o(.rodata..Lswitch.table.UART_SetConfig.7)
    .Lswitch.table.UART_SetConfig.9          0x08009912   Data           6  stm32h7xx_hal_uart.o(.rodata..Lswitch.table.UART_SetConfig.9)
    UARTEx_SetNbDataToProcess.numerator      0x08009b40   Data           8  stm32h7xx_hal_uart_ex.o(.rodata.cst8)
    [Anonymous Symbol]                       0x08009b40   Section        0  stm32h7xx_hal_uart_ex.o(.rodata.cst8)
    UARTEx_SetNbDataToProcess.denominator    0x08009b48   Data           8  stm32h7xx_hal_uart_ex.o(.rodata.cst8)
    .L_MergedGlobals.2                       0x24000000   Data          66  control.o(.RAM_D2)
    dma_rx_buf_ch1                           0x24000000   Data          16  control.o(.RAM_D2)
    [Anonymous Symbol]                       0x24000000   Section        0  control.o(.RAM_D2)
    dma_rx_buf_ch2                           0x24000010   Data          16  control.o(.RAM_D2)
    dma_tx_buf_ch1                           0x24000020   Data          17  control.o(.RAM_D2)
    dma_tx_buf_ch2                           0x24000031   Data          17  control.o(.RAM_D2)
    .L_MergedGlobals                         0x24000044   Data           8  stm32h7xx_hal.o(.data..L_MergedGlobals)
    [Anonymous Symbol]                       0x24000044   Section        0  stm32h7xx_hal.o(.data..L_MergedGlobals)
    .L_MergedGlobals                         0x2400004c   Data           8  system_stm32h7xx.o(.data..L_MergedGlobals)
    [Anonymous Symbol]                       0x2400004c   Section        0  system_stm32h7xx.o(.data..L_MergedGlobals)
    .L_MergedGlobals                         0x24000054   Data          64  control.o(.data..L_MergedGlobals)
    [Anonymous Symbol]                       0x24000054   Section        0  control.o(.data..L_MergedGlobals)
    .bss                                     0x240000a8   Section       96  libspace.o(.bss)
    .L_MergedGlobals                         0x24000108   Data         120  main.o(.bss..L_MergedGlobals)
    [Anonymous Symbol]                       0x24000108   Section        0  main.o(.bss..L_MergedGlobals)
    HAL_TIM_PeriodElapsedCallback.count      0x2400010a   Data           2  main.o(.bss..L_MergedGlobals)
    .L_MergedGlobals.1                       0x24000180   Data          98  main.o(.bss..L_MergedGlobals.1)
    [Anonymous Symbol]                       0x24000180   Section        0  main.o(.bss..L_MergedGlobals.1)
    Heap_Mem                                 0x24000a48   Data         512  startup_stm32h723xx.o(HEAP)
    HEAP                                     0x24000a48   Section      512  startup_stm32h723xx.o(HEAP)
    Stack_Mem                                0x24000c48   Data        1024  startup_stm32h723xx.o(STACK)
    STACK                                    0x24000c48   Section     1024  startup_stm32h723xx.o(STACK)
    __initial_sp                             0x24001048   Data           0  startup_stm32h723xx.o(STACK)

    Global Symbols

    Symbol Name                              Value     Ov Type        Size  Object(Section)

    BuildAttributes$$THM_ISAv4$E$P$D$K$B$S$7EM$VFPv5_D16$PE$PLD8$A:L22UL41UL21$X:L11$S22US41US21$IEEE1$IW$~IW$USESV6$~STKCKD$USESV7$~SHL$OTIME$ROPI$IEEEX$EBA8$UX$STANDARDLIB$REQ8$PRES8$EABIv2 0x00000000   Number         0  anon$$obj.o ABSOLUTE
    __ARM_exceptions_init                     - Undefined Weak Reference
    __alloca_initialize                       - Undefined Weak Reference
    __arm_preinit_                            - Undefined Weak Reference
    __arm_relocate_pie_                       - Undefined Weak Reference
    __cpp_initialize__aeabi_                  - Undefined Weak Reference
    __cxa_finalize                            - Undefined Weak Reference
    __rt_locale                               - Undefined Weak Reference
    __sigvec_lookup                           - Undefined Weak Reference
    _atexit_init                              - Undefined Weak Reference
    _call_atexit_fns                          - Undefined Weak Reference
    _clock_init                               - Undefined Weak Reference
    _fp_trap_init                             - Undefined Weak Reference
    _fp_trap_shutdown                         - Undefined Weak Reference
    _get_lc_collate                           - Undefined Weak Reference
    _get_lc_ctype                             - Undefined Weak Reference
    _get_lc_monetary                          - Undefined Weak Reference
    _get_lc_numeric                           - Undefined Weak Reference
    _get_lc_time                              - Undefined Weak Reference
    _getenv_init                              - Undefined Weak Reference
    _handle_redirection                       - Undefined Weak Reference
    _init_alloc                               - Undefined Weak Reference
    _init_user_alloc                          - Undefined Weak Reference
    _initio                                   - Undefined Weak Reference
    _rand_init                                - Undefined Weak Reference
    _signal_finish                            - Undefined Weak Reference
    _signal_init                              - Undefined Weak Reference
    _terminate_alloc                          - Undefined Weak Reference
    _terminate_user_alloc                     - Undefined Weak Reference
    _terminateio                              - Undefined Weak Reference
    __Vectors_Size                           0x000002cc   Number         0  startup_stm32h723xx.o ABSOLUTE
    __Vectors                                0x08000000   Data           4  startup_stm32h723xx.o(RESET)
    __Vectors_End                            0x080002cc   Data           0  startup_stm32h723xx.o(RESET)
    __main                                   0x080002cd   Thumb Code     8  __main.o(!!!main)
    __scatterload                            0x080002d5   Thumb Code     0  __scatter.o(!!!scatter)
    __scatterload_rt2                        0x080002d5   Thumb Code    84  __scatter.o(!!!scatter)
    __scatterload_rt2_thumb_only             0x080002d5   Thumb Code     0  __scatter.o(!!!scatter)
    __scatterload_loop                       0x080002df   Thumb Code     0  __scatter.o(!!!scatter)
    __scatterload_copy                       0x08000331   Thumb Code    26  __scatter_copy.o(!!handler_copy)
    __scatterload_null                       0x0800034d   Thumb Code     2  __scatter.o(!!handler_null)
    __scatterload_zeroinit                   0x08000351   Thumb Code    28  __scatter_zi.o(!!handler_zi)
    __rt_lib_init                            0x0800036d   Thumb Code     0  libinit.o(.ARM.Collect$$libinit$$00000000)
    __rt_lib_init_fp_1                       0x0800036f   Thumb Code     0  libinit2.o(.ARM.Collect$$libinit$$00000001)
    __rt_lib_init_alloca_1                   0x08000373   Thumb Code     0  libinit2.o(.ARM.Collect$$libinit$$00000030)
    __rt_lib_init_argv_1                     0x08000373   Thumb Code     0  libinit2.o(.ARM.Collect$$libinit$$0000002E)
    __rt_lib_init_atexit_1                   0x08000373   Thumb Code     0  libinit2.o(.ARM.Collect$$libinit$$0000001D)
    __rt_lib_init_clock_1                    0x08000373   Thumb Code     0  libinit2.o(.ARM.Collect$$libinit$$00000023)
    __rt_lib_init_cpp_1                      0x08000373   Thumb Code     0  libinit2.o(.ARM.Collect$$libinit$$00000034)
    __rt_lib_init_exceptions_1               0x08000373   Thumb Code     0  libinit2.o(.ARM.Collect$$libinit$$00000032)
    __rt_lib_init_fp_trap_1                  0x08000373   Thumb Code     0  libinit2.o(.ARM.Collect$$libinit$$00000021)
    __rt_lib_init_getenv_1                   0x08000373   Thumb Code     0  libinit2.o(.ARM.Collect$$libinit$$00000025)
    __rt_lib_init_heap_1                     0x08000373   Thumb Code     0  libinit2.o(.ARM.Collect$$libinit$$0000000C)
    __rt_lib_init_lc_collate_1               0x08000373   Thumb Code     0  libinit2.o(.ARM.Collect$$libinit$$00000013)
    __rt_lib_init_lc_ctype_1                 0x08000373   Thumb Code     0  libinit2.o(.ARM.Collect$$libinit$$00000015)
    __rt_lib_init_lc_monetary_1              0x08000373   Thumb Code     0  libinit2.o(.ARM.Collect$$libinit$$00000017)
    __rt_lib_init_lc_numeric_1               0x08000373   Thumb Code     0  libinit2.o(.ARM.Collect$$libinit$$00000019)
    __rt_lib_init_lc_time_1                  0x08000373   Thumb Code     0  libinit2.o(.ARM.Collect$$libinit$$0000001B)
    __rt_lib_init_preinit_1                  0x08000373   Thumb Code     0  libinit2.o(.ARM.Collect$$libinit$$00000006)
    __rt_lib_init_rand_1                     0x08000373   Thumb Code     0  libinit2.o(.ARM.Collect$$libinit$$00000010)
    __rt_lib_init_relocate_pie_1             0x08000373   Thumb Code     0  libinit2.o(.ARM.Collect$$libinit$$00000004)
    __rt_lib_init_return                     0x08000373   Thumb Code     0  libinit2.o(.ARM.Collect$$libinit$$00000035)
    __rt_lib_init_signal_1                   0x08000373   Thumb Code     0  libinit2.o(.ARM.Collect$$libinit$$0000001F)
    __rt_lib_init_stdio_1                    0x08000373   Thumb Code     0  libinit2.o(.ARM.Collect$$libinit$$00000027)
    __rt_lib_init_user_alloc_1               0x08000373   Thumb Code     0  libinit2.o(.ARM.Collect$$libinit$$0000000E)
    __rt_lib_shutdown                        0x08000375   Thumb Code     0  libshutdown.o(.ARM.Collect$$libshutdown$$00000000)
    __rt_lib_shutdown_cpp_1                  0x08000377   Thumb Code     0  libshutdown2.o(.ARM.Collect$$libshutdown$$00000002)
    __rt_lib_shutdown_fp_trap_1              0x08000377   Thumb Code     0  libshutdown2.o(.ARM.Collect$$libshutdown$$00000007)
    __rt_lib_shutdown_heap_1                 0x08000377   Thumb Code     0  libshutdown2.o(.ARM.Collect$$libshutdown$$0000000F)
    __rt_lib_shutdown_return                 0x08000377   Thumb Code     0  libshutdown2.o(.ARM.Collect$$libshutdown$$00000010)
    __rt_lib_shutdown_signal_1               0x08000377   Thumb Code     0  libshutdown2.o(.ARM.Collect$$libshutdown$$0000000A)
    __rt_lib_shutdown_stdio_1                0x08000377   Thumb Code     0  libshutdown2.o(.ARM.Collect$$libshutdown$$00000004)
    __rt_lib_shutdown_user_alloc_1           0x08000377   Thumb Code     0  libshutdown2.o(.ARM.Collect$$libshutdown$$0000000C)
    __rt_entry                               0x08000379   Thumb Code     0  __rtentry.o(.ARM.Collect$$rtentry$$00000000)
    __rt_entry_presh_1                       0x08000379   Thumb Code     0  __rtentry2.o(.ARM.Collect$$rtentry$$00000002)
    __rt_entry_sh                            0x08000379   Thumb Code     0  __rtentry4.o(.ARM.Collect$$rtentry$$00000004)
    __rt_entry_li                            0x0800037f   Thumb Code     0  __rtentry2.o(.ARM.Collect$$rtentry$$0000000A)
    __rt_entry_postsh_1                      0x0800037f   Thumb Code     0  __rtentry2.o(.ARM.Collect$$rtentry$$00000009)
    __rt_entry_main                          0x08000383   Thumb Code     0  __rtentry2.o(.ARM.Collect$$rtentry$$0000000D)
    __rt_entry_postli_1                      0x08000383   Thumb Code     0  __rtentry2.o(.ARM.Collect$$rtentry$$0000000C)
    __rt_exit                                0x0800038b   Thumb Code     0  rtexit.o(.ARM.Collect$$rtexit$$00000000)
    __rt_exit_ls                             0x0800038d   Thumb Code     0  rtexit2.o(.ARM.Collect$$rtexit$$00000003)
    __rt_exit_prels_1                        0x0800038d   Thumb Code     0  rtexit2.o(.ARM.Collect$$rtexit$$00000002)
    __rt_exit_exit                           0x08000391   Thumb Code     0  rtexit2.o(.ARM.Collect$$rtexit$$00000004)
    Reset_Handler                            0x08000399   Thumb Code    12  startup_stm32h723xx.o(.text)
    ADC3_IRQHandler                          0x080003b7   Thumb Code     0  startup_stm32h723xx.o(.text)
    ADC_IRQHandler                           0x080003b7   Thumb Code     0  startup_stm32h723xx.o(.text)
    BDMA_Channel0_IRQHandler                 0x080003b7   Thumb Code     0  startup_stm32h723xx.o(.text)
    BDMA_Channel1_IRQHandler                 0x080003b7   Thumb Code     0  startup_stm32h723xx.o(.text)
    BDMA_Channel2_IRQHandler                 0x080003b7   Thumb Code     0  startup_stm32h723xx.o(.text)
    BDMA_Channel3_IRQHandler                 0x080003b7   Thumb Code     0  startup_stm32h723xx.o(.text)
    BDMA_Channel4_IRQHandler                 0x080003b7   Thumb Code     0  startup_stm32h723xx.o(.text)
    BDMA_Channel5_IRQHandler                 0x080003b7   Thumb Code     0  startup_stm32h723xx.o(.text)
    BDMA_Channel6_IRQHandler                 0x080003b7   Thumb Code     0  startup_stm32h723xx.o(.text)
    BDMA_Channel7_IRQHandler                 0x080003b7   Thumb Code     0  startup_stm32h723xx.o(.text)
    CEC_IRQHandler                           0x080003b7   Thumb Code     0  startup_stm32h723xx.o(.text)
    COMP1_IRQHandler                         0x080003b7   Thumb Code     0  startup_stm32h723xx.o(.text)
    CORDIC_IRQHandler                        0x080003b7   Thumb Code     0  startup_stm32h723xx.o(.text)
    CRS_IRQHandler                           0x080003b7   Thumb Code     0  startup_stm32h723xx.o(.text)
    DCMI_PSSI_IRQHandler                     0x080003b7   Thumb Code     0  startup_stm32h723xx.o(.text)
    DFSDM1_FLT0_IRQHandler                   0x080003b7   Thumb Code     0  startup_stm32h723xx.o(.text)
    DFSDM1_FLT1_IRQHandler                   0x080003b7   Thumb Code     0  startup_stm32h723xx.o(.text)
    DFSDM1_FLT2_IRQHandler                   0x080003b7   Thumb Code     0  startup_stm32h723xx.o(.text)
    DFSDM1_FLT3_IRQHandler                   0x080003b7   Thumb Code     0  startup_stm32h723xx.o(.text)
    DMA1_Stream5_IRQHandler                  0x080003b7   Thumb Code     0  startup_stm32h723xx.o(.text)
    DMA1_Stream6_IRQHandler                  0x080003b7   Thumb Code     0  startup_stm32h723xx.o(.text)
    DMA1_Stream7_IRQHandler                  0x080003b7   Thumb Code     0  startup_stm32h723xx.o(.text)
    DMA2D_IRQHandler                         0x080003b7   Thumb Code     0  startup_stm32h723xx.o(.text)
    DMA2_Stream0_IRQHandler                  0x080003b7   Thumb Code     0  startup_stm32h723xx.o(.text)
    DMA2_Stream1_IRQHandler                  0x080003b7   Thumb Code     0  startup_stm32h723xx.o(.text)
    DMA2_Stream2_IRQHandler                  0x080003b7   Thumb Code     0  startup_stm32h723xx.o(.text)
    DMA2_Stream3_IRQHandler                  0x080003b7   Thumb Code     0  startup_stm32h723xx.o(.text)
    DMA2_Stream4_IRQHandler                  0x080003b7   Thumb Code     0  startup_stm32h723xx.o(.text)
    DMA2_Stream5_IRQHandler                  0x080003b7   Thumb Code     0  startup_stm32h723xx.o(.text)
    DMA2_Stream6_IRQHandler                  0x080003b7   Thumb Code     0  startup_stm32h723xx.o(.text)
    DMA2_Stream7_IRQHandler                  0x080003b7   Thumb Code     0  startup_stm32h723xx.o(.text)
    DMAMUX1_OVR_IRQHandler                   0x080003b7   Thumb Code     0  startup_stm32h723xx.o(.text)
    DMAMUX2_OVR_IRQHandler                   0x080003b7   Thumb Code     0  startup_stm32h723xx.o(.text)
    DTS_IRQHandler                           0x080003b7   Thumb Code     0  startup_stm32h723xx.o(.text)
    ECC_IRQHandler                           0x080003b7   Thumb Code     0  startup_stm32h723xx.o(.text)
    ETH_IRQHandler                           0x080003b7   Thumb Code     0  startup_stm32h723xx.o(.text)
    ETH_WKUP_IRQHandler                      0x080003b7   Thumb Code     0  startup_stm32h723xx.o(.text)
    EXTI0_IRQHandler                         0x080003b7   Thumb Code     0  startup_stm32h723xx.o(.text)
    EXTI15_10_IRQHandler                     0x080003b7   Thumb Code     0  startup_stm32h723xx.o(.text)
    EXTI1_IRQHandler                         0x080003b7   Thumb Code     0  startup_stm32h723xx.o(.text)
    EXTI2_IRQHandler                         0x080003b7   Thumb Code     0  startup_stm32h723xx.o(.text)
    EXTI3_IRQHandler                         0x080003b7   Thumb Code     0  startup_stm32h723xx.o(.text)
    EXTI4_IRQHandler                         0x080003b7   Thumb Code     0  startup_stm32h723xx.o(.text)
    EXTI9_5_IRQHandler                       0x080003b7   Thumb Code     0  startup_stm32h723xx.o(.text)
    FDCAN1_IT0_IRQHandler                    0x080003b7   Thumb Code     0  startup_stm32h723xx.o(.text)
    FDCAN1_IT1_IRQHandler                    0x080003b7   Thumb Code     0  startup_stm32h723xx.o(.text)
    FDCAN2_IT0_IRQHandler                    0x080003b7   Thumb Code     0  startup_stm32h723xx.o(.text)
    FDCAN2_IT1_IRQHandler                    0x080003b7   Thumb Code     0  startup_stm32h723xx.o(.text)
    FDCAN3_IT0_IRQHandler                    0x080003b7   Thumb Code     0  startup_stm32h723xx.o(.text)
    FDCAN3_IT1_IRQHandler                    0x080003b7   Thumb Code     0  startup_stm32h723xx.o(.text)
    FDCAN_CAL_IRQHandler                     0x080003b7   Thumb Code     0  startup_stm32h723xx.o(.text)
    FLASH_IRQHandler                         0x080003b7   Thumb Code     0  startup_stm32h723xx.o(.text)
    FMAC_IRQHandler                          0x080003b7   Thumb Code     0  startup_stm32h723xx.o(.text)
    FMC_IRQHandler                           0x080003b7   Thumb Code     0  startup_stm32h723xx.o(.text)
    FPU_IRQHandler                           0x080003b7   Thumb Code     0  startup_stm32h723xx.o(.text)
    HSEM1_IRQHandler                         0x080003b7   Thumb Code     0  startup_stm32h723xx.o(.text)
    I2C1_ER_IRQHandler                       0x080003b7   Thumb Code     0  startup_stm32h723xx.o(.text)
    I2C1_EV_IRQHandler                       0x080003b7   Thumb Code     0  startup_stm32h723xx.o(.text)
    I2C2_ER_IRQHandler                       0x080003b7   Thumb Code     0  startup_stm32h723xx.o(.text)
    I2C2_EV_IRQHandler                       0x080003b7   Thumb Code     0  startup_stm32h723xx.o(.text)
    I2C3_ER_IRQHandler                       0x080003b7   Thumb Code     0  startup_stm32h723xx.o(.text)
    I2C3_EV_IRQHandler                       0x080003b7   Thumb Code     0  startup_stm32h723xx.o(.text)
    I2C4_ER_IRQHandler                       0x080003b7   Thumb Code     0  startup_stm32h723xx.o(.text)
    I2C4_EV_IRQHandler                       0x080003b7   Thumb Code     0  startup_stm32h723xx.o(.text)
    I2C5_ER_IRQHandler                       0x080003b7   Thumb Code     0  startup_stm32h723xx.o(.text)
    I2C5_EV_IRQHandler                       0x080003b7   Thumb Code     0  startup_stm32h723xx.o(.text)
    LPTIM1_IRQHandler                        0x080003b7   Thumb Code     0  startup_stm32h723xx.o(.text)
    LPTIM2_IRQHandler                        0x080003b7   Thumb Code     0  startup_stm32h723xx.o(.text)
    LPTIM3_IRQHandler                        0x080003b7   Thumb Code     0  startup_stm32h723xx.o(.text)
    LPTIM4_IRQHandler                        0x080003b7   Thumb Code     0  startup_stm32h723xx.o(.text)
    LPTIM5_IRQHandler                        0x080003b7   Thumb Code     0  startup_stm32h723xx.o(.text)
    LPUART1_IRQHandler                       0x080003b7   Thumb Code     0  startup_stm32h723xx.o(.text)
    LTDC_ER_IRQHandler                       0x080003b7   Thumb Code     0  startup_stm32h723xx.o(.text)
    LTDC_IRQHandler                          0x080003b7   Thumb Code     0  startup_stm32h723xx.o(.text)
    MDIOS_IRQHandler                         0x080003b7   Thumb Code     0  startup_stm32h723xx.o(.text)
    MDIOS_WKUP_IRQHandler                    0x080003b7   Thumb Code     0  startup_stm32h723xx.o(.text)
    MDMA_IRQHandler                          0x080003b7   Thumb Code     0  startup_stm32h723xx.o(.text)
    OCTOSPI1_IRQHandler                      0x080003b7   Thumb Code     0  startup_stm32h723xx.o(.text)
    OCTOSPI2_IRQHandler                      0x080003b7   Thumb Code     0  startup_stm32h723xx.o(.text)
    OTG_HS_EP1_IN_IRQHandler                 0x080003b7   Thumb Code     0  startup_stm32h723xx.o(.text)
    OTG_HS_EP1_OUT_IRQHandler                0x080003b7   Thumb Code     0  startup_stm32h723xx.o(.text)
    OTG_HS_IRQHandler                        0x080003b7   Thumb Code     0  startup_stm32h723xx.o(.text)
    OTG_HS_WKUP_IRQHandler                   0x080003b7   Thumb Code     0  startup_stm32h723xx.o(.text)
    PVD_AVD_IRQHandler                       0x080003b7   Thumb Code     0  startup_stm32h723xx.o(.text)
    RCC_IRQHandler                           0x080003b7   Thumb Code     0  startup_stm32h723xx.o(.text)
    RNG_IRQHandler                           0x080003b7   Thumb Code     0  startup_stm32h723xx.o(.text)
    RTC_Alarm_IRQHandler                     0x080003b7   Thumb Code     0  startup_stm32h723xx.o(.text)
    RTC_WKUP_IRQHandler                      0x080003b7   Thumb Code     0  startup_stm32h723xx.o(.text)
    SAI1_IRQHandler                          0x080003b7   Thumb Code     0  startup_stm32h723xx.o(.text)
    SAI4_IRQHandler                          0x080003b7   Thumb Code     0  startup_stm32h723xx.o(.text)
    SDMMC1_IRQHandler                        0x080003b7   Thumb Code     0  startup_stm32h723xx.o(.text)
    SDMMC2_IRQHandler                        0x080003b7   Thumb Code     0  startup_stm32h723xx.o(.text)
    SPDIF_RX_IRQHandler                      0x080003b7   Thumb Code     0  startup_stm32h723xx.o(.text)
    SPI1_IRQHandler                          0x080003b7   Thumb Code     0  startup_stm32h723xx.o(.text)
    SPI2_IRQHandler                          0x080003b7   Thumb Code     0  startup_stm32h723xx.o(.text)
    SPI3_IRQHandler                          0x080003b7   Thumb Code     0  startup_stm32h723xx.o(.text)
    SPI4_IRQHandler                          0x080003b7   Thumb Code     0  startup_stm32h723xx.o(.text)
    SPI5_IRQHandler                          0x080003b7   Thumb Code     0  startup_stm32h723xx.o(.text)
    SPI6_IRQHandler                          0x080003b7   Thumb Code     0  startup_stm32h723xx.o(.text)
    SWPMI1_IRQHandler                        0x080003b7   Thumb Code     0  startup_stm32h723xx.o(.text)
    TAMP_STAMP_IRQHandler                    0x080003b7   Thumb Code     0  startup_stm32h723xx.o(.text)
    TIM15_IRQHandler                         0x080003b7   Thumb Code     0  startup_stm32h723xx.o(.text)
    TIM16_IRQHandler                         0x080003b7   Thumb Code     0  startup_stm32h723xx.o(.text)
    TIM17_IRQHandler                         0x080003b7   Thumb Code     0  startup_stm32h723xx.o(.text)
    TIM1_BRK_IRQHandler                      0x080003b7   Thumb Code     0  startup_stm32h723xx.o(.text)
    TIM1_CC_IRQHandler                       0x080003b7   Thumb Code     0  startup_stm32h723xx.o(.text)
    TIM1_TRG_COM_IRQHandler                  0x080003b7   Thumb Code     0  startup_stm32h723xx.o(.text)
    TIM23_IRQHandler                         0x080003b7   Thumb Code     0  startup_stm32h723xx.o(.text)
    TIM24_IRQHandler                         0x080003b7   Thumb Code     0  startup_stm32h723xx.o(.text)
    TIM2_IRQHandler                          0x080003b7   Thumb Code     0  startup_stm32h723xx.o(.text)
    TIM3_IRQHandler                          0x080003b7   Thumb Code     0  startup_stm32h723xx.o(.text)
    TIM4_IRQHandler                          0x080003b7   Thumb Code     0  startup_stm32h723xx.o(.text)
    TIM5_IRQHandler                          0x080003b7   Thumb Code     0  startup_stm32h723xx.o(.text)
    TIM6_DAC_IRQHandler                      0x080003b7   Thumb Code     0  startup_stm32h723xx.o(.text)
    TIM7_IRQHandler                          0x080003b7   Thumb Code     0  startup_stm32h723xx.o(.text)
    TIM8_BRK_TIM12_IRQHandler                0x080003b7   Thumb Code     0  startup_stm32h723xx.o(.text)
    TIM8_CC_IRQHandler                       0x080003b7   Thumb Code     0  startup_stm32h723xx.o(.text)
    TIM8_TRG_COM_TIM14_IRQHandler            0x080003b7   Thumb Code     0  startup_stm32h723xx.o(.text)
    TIM8_UP_TIM13_IRQHandler                 0x080003b7   Thumb Code     0  startup_stm32h723xx.o(.text)
    UART4_IRQHandler                         0x080003b7   Thumb Code     0  startup_stm32h723xx.o(.text)
    UART7_IRQHandler                         0x080003b7   Thumb Code     0  startup_stm32h723xx.o(.text)
    UART8_IRQHandler                         0x080003b7   Thumb Code     0  startup_stm32h723xx.o(.text)
    UART9_IRQHandler                         0x080003b7   Thumb Code     0  startup_stm32h723xx.o(.text)
    USART10_IRQHandler                       0x080003b7   Thumb Code     0  startup_stm32h723xx.o(.text)
    USART1_IRQHandler                        0x080003b7   Thumb Code     0  startup_stm32h723xx.o(.text)
    USART6_IRQHandler                        0x080003b7   Thumb Code     0  startup_stm32h723xx.o(.text)
    WAKEUP_PIN_IRQHandler                    0x080003b7   Thumb Code     0  startup_stm32h723xx.o(.text)
    WWDG_IRQHandler                          0x080003b7   Thumb Code     0  startup_stm32h723xx.o(.text)
    __user_initial_stackheap                 0x080003b9   Thumb Code     0  startup_stm32h723xx.o(.text)
    __aeabi_uldivmod                         0x080003e1   Thumb Code     0  lludivv7m.o(.text)
    _ll_udiv                                 0x080003e1   Thumb Code   240  lludivv7m.o(.text)
    __aeabi_memcpy                           0x080004d1   Thumb Code     0  rt_memcpy_v6.o(.text)
    __rt_memcpy                              0x080004d1   Thumb Code   138  rt_memcpy_v6.o(.text)
    _memcpy_lastbytes                        0x08000537   Thumb Code     0  rt_memcpy_v6.o(.text)
    __aeabi_memclr4                          0x0800055b   Thumb Code     0  rt_memclr_w.o(.text)
    __aeabi_memclr8                          0x0800055b   Thumb Code     0  rt_memclr_w.o(.text)
    __rt_memclr_w                            0x0800055b   Thumb Code     0  rt_memclr_w.o(.text)
    _memset_w                                0x0800055f   Thumb Code    74  rt_memclr_w.o(.text)
    __use_two_region_memory                  0x080005a9   Thumb Code     2  heapauxi.o(.text)
    __rt_heap_escrow$2region                 0x080005ab   Thumb Code     2  heapauxi.o(.text)
    __rt_heap_expand$2region                 0x080005ad   Thumb Code     2  heapauxi.o(.text)
    __read_errno                             0x080005af   Thumb Code    10  _rserrno.o(.text)
    __set_errno                              0x080005b9   Thumb Code    12  _rserrno.o(.text)
    __aeabi_memcpy4                          0x080005c5   Thumb Code     0  rt_memcpy_w.o(.text)
    __aeabi_memcpy8                          0x080005c5   Thumb Code     0  rt_memcpy_w.o(.text)
    __rt_memcpy_w                            0x080005c5   Thumb Code   100  rt_memcpy_w.o(.text)
    _memcpy_lastbytes_aligned                0x0800060d   Thumb Code     0  rt_memcpy_w.o(.text)
    __aeabi_errno_addr                       0x08000629   Thumb Code     8  rt_errno_addr_intlibspace.o(.text)
    __errno$intlibspace                      0x08000629   Thumb Code     0  rt_errno_addr_intlibspace.o(.text)
    __rt_errno_addr$intlibspace              0x08000629   Thumb Code     0  rt_errno_addr_intlibspace.o(.text)
    __user_libspace                          0x08000631   Thumb Code     8  libspace.o(.text)
    __user_perproc_libspace                  0x08000631   Thumb Code     0  libspace.o(.text)
    __user_perthread_libspace                0x08000631   Thumb Code     0  libspace.o(.text)
    __user_setup_stackheap                   0x08000639   Thumb Code    74  sys_stackheap_outer.o(.text)
    exit                                     0x08000683   Thumb Code    18  exit.o(.text)
    _sys_exit                                0x08000695   Thumb Code     8  sys_exit.o(.text)
    __I$use$semihosting                      0x080006a1   Thumb Code     0  use_no_semi.o(.text)
    __use_no_semihosting_swi                 0x080006a1   Thumb Code     2  use_no_semi.o(.text)
    __semihosting_library_function           0x080006a3   Thumb Code     0  indicate_semi.o(.text)
    BusFault_Handler                         0x080006a9   Thumb Code     2  stm32h7xx_it.o(.text.BusFault_Handler)
    DMA1_Stream0_IRQHandler                  0x080006b1   Thumb Code    12  stm32h7xx_it.o(.text.DMA1_Stream0_IRQHandler)
    DMA1_Stream1_IRQHandler                  0x080006c1   Thumb Code    12  stm32h7xx_it.o(.text.DMA1_Stream1_IRQHandler)
    DMA1_Stream2_IRQHandler                  0x080006d1   Thumb Code    12  stm32h7xx_it.o(.text.DMA1_Stream2_IRQHandler)
    DMA1_Stream3_IRQHandler                  0x080006e1   Thumb Code    12  stm32h7xx_it.o(.text.DMA1_Stream3_IRQHandler)
    DMA1_Stream4_IRQHandler                  0x080006f1   Thumb Code    12  stm32h7xx_it.o(.text.DMA1_Stream4_IRQHandler)
    DWT_Init                                 0x08000b31   Thumb Code    38  my_system.o(.text.DWT_Init)
    DebugMon_Handler                         0x08000b59   Thumb Code     2  stm32h7xx_it.o(.text.DebugMon_Handler)
    Error_Handler                            0x08000b61   Thumb Code    10  main.o(.text.Error_Handler)
    ExitRun0Mode                             0x08000b71   Thumb Code    44  system_stm32h7xx.o(.text.ExitRun0Mode)
    HAL_DMA_Abort                            0x08000ba1   Thumb Code  1326  stm32h7xx_hal_dma.o(.text.HAL_DMA_Abort)
    HAL_DMA_Abort_IT                         0x080010d1   Thumb Code   696  stm32h7xx_hal_dma.o(.text.HAL_DMA_Abort_IT)
    HAL_DMA_GetError                         0x08001389   Thumb Code     4  stm32h7xx_hal_dma.o(.text.HAL_DMA_GetError)
    HAL_DMA_IRQHandler                       0x08001391   Thumb Code  2072  stm32h7xx_hal_dma.o(.text.HAL_DMA_IRQHandler)
    HAL_DMA_Init                             0x08001ba9   Thumb Code  1624  stm32h7xx_hal_dma.o(.text.HAL_DMA_Init)
    HAL_DMA_Start_IT                         0x08002201   Thumb Code   934  stm32h7xx_hal_dma.o(.text.HAL_DMA_Start_IT)
    HAL_Delay                                0x080025a9   Thumb Code    40  stm32h7xx_hal.o(.text.HAL_Delay)
    HAL_GPIO_Init                            0x080025d1   Thumb Code   418  stm32h7xx_hal_gpio.o(.text.HAL_GPIO_Init)
    HAL_GetTick                              0x08002779   Thumb Code    12  stm32h7xx_hal.o(.text.HAL_GetTick)
    HAL_IncTick                              0x08002789   Thumb Code    26  stm32h7xx_hal.o(.text.HAL_IncTick)
    HAL_Init                                 0x080027a9   Thumb Code   100  stm32h7xx_hal.o(.text.HAL_Init)
    HAL_InitTick                             0x08002811   Thumb Code    76  stm32h7xx_hal.o(.text.HAL_InitTick)
    HAL_MPU_ConfigRegion                     0x08002861   Thumb Code    94  stm32h7xx_hal_cortex.o(.text.HAL_MPU_ConfigRegion)
    HAL_MPU_Disable                          0x080028c1   Thumb Code    26  stm32h7xx_hal_cortex.o(.text.HAL_MPU_Disable)
    HAL_MPU_Enable                           0x080028e1   Thumb Code    32  stm32h7xx_hal_cortex.o(.text.HAL_MPU_Enable)
    HAL_MspInit                              0x08002901   Thumb Code    32  stm32h7xx_hal_msp.o(.text.HAL_MspInit)
    HAL_NVIC_EnableIRQ                       0x08002921   Thumb Code    34  stm32h7xx_hal_cortex.o(.text.HAL_NVIC_EnableIRQ)
    HAL_NVIC_SetPriority                     0x08002949   Thumb Code    90  stm32h7xx_hal_cortex.o(.text.HAL_NVIC_SetPriority)
    HAL_NVIC_SetPriorityGrouping             0x080029a9   Thumb Code    32  stm32h7xx_hal_cortex.o(.text.HAL_NVIC_SetPriorityGrouping)
    HAL_PWREx_ConfigSupply                   0x080029c9   Thumb Code    76  stm32h7xx_hal_pwr_ex.o(.text.HAL_PWREx_ConfigSupply)
    HAL_RCCEx_GetD3PCLK1Freq                 0x08002a19   Thumb Code    38  stm32h7xx_hal_rcc_ex.o(.text.HAL_RCCEx_GetD3PCLK1Freq)
    HAL_RCCEx_GetPLL2ClockFreq               0x08002a41   Thumb Code   284  stm32h7xx_hal_rcc_ex.o(.text.HAL_RCCEx_GetPLL2ClockFreq)
    HAL_RCCEx_GetPLL3ClockFreq               0x08002b71   Thumb Code   284  stm32h7xx_hal_rcc_ex.o(.text.HAL_RCCEx_GetPLL3ClockFreq)
    HAL_RCCEx_PeriphCLKConfig                0x08002ca1   Thumb Code  2728  stm32h7xx_hal_rcc_ex.o(.text.HAL_RCCEx_PeriphCLKConfig)
    HAL_RCC_ClockConfig                      0x08003749   Thumb Code   616  stm32h7xx_hal_rcc.o(.text.HAL_RCC_ClockConfig)
    HAL_RCC_GetHCLKFreq                      0x080039b1   Thumb Code    76  stm32h7xx_hal_rcc.o(.text.HAL_RCC_GetHCLKFreq)
    HAL_RCC_GetPCLK1Freq                     0x08003a01   Thumb Code    96  stm32h7xx_hal_rcc.o(.text.HAL_RCC_GetPCLK1Freq)
    HAL_RCC_GetPCLK2Freq                     0x08003a61   Thumb Code    96  stm32h7xx_hal_rcc.o(.text.HAL_RCC_GetPCLK2Freq)
    HAL_RCC_GetSysClockFreq                  0x08003ac1   Thumb Code   264  stm32h7xx_hal_rcc.o(.text.HAL_RCC_GetSysClockFreq)
    HAL_RCC_OscConfig                        0x08003bd9   Thumb Code  1324  stm32h7xx_hal_rcc.o(.text.HAL_RCC_OscConfig)
    HAL_RS485Ex_Init                         0x08004109   Thumb Code   132  stm32h7xx_hal_uart_ex.o(.text.HAL_RS485Ex_Init)
    HAL_SYSTICK_Config                       0x08004191   Thumb Code    46  stm32h7xx_hal_cortex.o(.text.HAL_SYSTICK_Config)
    HAL_TIMEx_Break2Callback                 0x080041c1   Thumb Code     2  stm32h7xx_hal_tim_ex.o(.text.HAL_TIMEx_Break2Callback)
    HAL_TIMEx_BreakCallback                  0x080041c9   Thumb Code     2  stm32h7xx_hal_tim_ex.o(.text.HAL_TIMEx_BreakCallback)
    HAL_TIMEx_CommutCallback                 0x080041d1   Thumb Code     2  stm32h7xx_hal_tim_ex.o(.text.HAL_TIMEx_CommutCallback)
    HAL_TIMEx_MasterConfigSynchronization    0x080041d9   Thumb Code   222  stm32h7xx_hal_tim_ex.o(.text.HAL_TIMEx_MasterConfigSynchronization)
    HAL_TIM_Base_Init                        0x080042b9   Thumb Code    96  stm32h7xx_hal_tim.o(.text.HAL_TIM_Base_Init)
    HAL_TIM_Base_MspInit                     0x08004319   Thumb Code    66  tim.o(.text.HAL_TIM_Base_MspInit)
    HAL_TIM_Base_Start_IT                    0x08004361   Thumb Code   220  stm32h7xx_hal_tim.o(.text.HAL_TIM_Base_Start_IT)
    HAL_TIM_ConfigClockSource                0x08004441   Thumb Code   512  stm32h7xx_hal_tim.o(.text.HAL_TIM_ConfigClockSource)
    HAL_TIM_IC_CaptureCallback               0x08004641   Thumb Code     2  stm32h7xx_hal_tim.o(.text.HAL_TIM_IC_CaptureCallback)
    HAL_TIM_IRQHandler                       0x08004649   Thumb Code   364  stm32h7xx_hal_tim.o(.text.HAL_TIM_IRQHandler)
    HAL_TIM_OC_DelayElapsedCallback          0x080047b9   Thumb Code     2  stm32h7xx_hal_tim.o(.text.HAL_TIM_OC_DelayElapsedCallback)
    HAL_TIM_PWM_PulseFinishedCallback        0x080047c1   Thumb Code     2  stm32h7xx_hal_tim.o(.text.HAL_TIM_PWM_PulseFinishedCallback)
    HAL_TIM_PeriodElapsedCallback            0x080047c9   Thumb Code   704  main.o(.text.HAL_TIM_PeriodElapsedCallback)
    HAL_TIM_TriggerCallback                  0x08004a91   Thumb Code     2  stm32h7xx_hal_tim.o(.text.HAL_TIM_TriggerCallback)
    HAL_UARTEx_DisableFifoMode               0x08004a99   Thumb Code    54  stm32h7xx_hal_uart_ex.o(.text.HAL_UARTEx_DisableFifoMode)
    HAL_UARTEx_ReceiveToIdle_DMA             0x08004ad1   Thumb Code   152  stm32h7xx_hal_uart_ex.o(.text.HAL_UARTEx_ReceiveToIdle_DMA)
    HAL_UARTEx_RxEventCallback               0x08004b69   Thumb Code    50  main.o(.text.HAL_UARTEx_RxEventCallback)
    HAL_UARTEx_RxFifoFullCallback            0x08004ba1   Thumb Code     2  stm32h7xx_hal_uart_ex.o(.text.HAL_UARTEx_RxFifoFullCallback)
    HAL_UARTEx_SetRxFifoThreshold            0x08004ba9   Thumb Code   144  stm32h7xx_hal_uart_ex.o(.text.HAL_UARTEx_SetRxFifoThreshold)
    HAL_UARTEx_SetTxFifoThreshold            0x08004c39   Thumb Code   144  stm32h7xx_hal_uart_ex.o(.text.HAL_UARTEx_SetTxFifoThreshold)
    HAL_UARTEx_TxFifoEmptyCallback           0x08004cc9   Thumb Code     2  stm32h7xx_hal_uart_ex.o(.text.HAL_UARTEx_TxFifoEmptyCallback)
    HAL_UARTEx_WakeupCallback                0x08004cd1   Thumb Code     2  stm32h7xx_hal_uart_ex.o(.text.HAL_UARTEx_WakeupCallback)
    HAL_UART_AbortReceive                    0x08004cd9   Thumb Code   406  stm32h7xx_hal_uart.o(.text.HAL_UART_AbortReceive)
    HAL_UART_ErrorCallback                   0x08004e71   Thumb Code     2  stm32h7xx_hal_uart.o(.text.HAL_UART_ErrorCallback)
    HAL_UART_IRQHandler                      0x08004e79   Thumb Code  1906  stm32h7xx_hal_uart.o(.text.HAL_UART_IRQHandler)
    HAL_UART_Init                            0x080055f1   Thumb Code   100  stm32h7xx_hal_uart.o(.text.HAL_UART_Init)
    HAL_UART_MspInit                         0x08005659   Thumb Code   792  usart.o(.text.HAL_UART_MspInit)
    HAL_UART_Receive_IT                      0x08005971   Thumb Code   172  stm32h7xx_hal_uart.o(.text.HAL_UART_Receive_IT)
    HAL_UART_RxCpltCallback                  0x08005a21   Thumb Code    42  main.o(.text.HAL_UART_RxCpltCallback)
    HAL_UART_RxHalfCpltCallback              0x08005a51   Thumb Code     2  stm32h7xx_hal_uart.o(.text.HAL_UART_RxHalfCpltCallback)
    HAL_UART_Transmit_DMA                    0x08005a59   Thumb Code   210  stm32h7xx_hal_uart.o(.text.HAL_UART_Transmit_DMA)
    HAL_UART_TxCpltCallback                  0x08005b31   Thumb Code    20  main.o(.text.HAL_UART_TxCpltCallback)
    HAL_UART_TxHalfCpltCallback              0x08005b49   Thumb Code     2  stm32h7xx_hal_uart.o(.text.HAL_UART_TxHalfCpltCallback)
    HardFault_Handler                        0x08005b51   Thumb Code     2  stm32h7xx_it.o(.text.HardFault_Handler)
    MX_DMA_Init                              0x08005b59   Thumb Code   116  dma.o(.text.MX_DMA_Init)
    MX_GPIO_Init                             0x08005bd1   Thumb Code   104  gpio.o(.text.MX_GPIO_Init)
    MX_TIM1_Init                             0x08005c39   Thumb Code   118  tim.o(.text.MX_TIM1_Init)
    MX_UART5_Init                            0x08005cb1   Thumb Code   128  usart.o(.text.MX_UART5_Init)
    MX_USART2_UART_Init                      0x08005d31   Thumb Code   132  usart.o(.text.MX_USART2_UART_Init)
    MX_USART3_UART_Init                      0x08005db9   Thumb Code   132  usart.o(.text.MX_USART3_UART_Init)
    MemManage_Handler                        0x08005e41   Thumb Code     2  stm32h7xx_it.o(.text.MemManage_Handler)
    NMI_Handler                              0x08005e49   Thumb Code     2  stm32h7xx_it.o(.text.NMI_Handler)
    PendSV_Handler                           0x08005e51   Thumb Code     2  stm32h7xx_it.o(.text.PendSV_Handler)
    PosPID_Init                              0x08005e59   Thumb Code    18  pid.o(.text.PosPID_Init)
    PosPID_UpdateCmd                         0x08005e71   Thumb Code    82  pid.o(.text.PosPID_UpdateCmd)
    RS485_RxCpltHandler                      0x08006119   Thumb Code   124  control.o(.text.RS485_RxCpltHandler)
    RS485_Schedule                           0x08006199   Thumb Code   316  control.o(.text.RS485_Schedule)
    RS485_SetMotorMask                       0x080062d9   Thumb Code   152  control.o(.text.RS485_SetMotorMask)
    RS485_SetRxTimeout                       0x08006371   Thumb Code    12  control.o(.text.RS485_SetRxTimeout)
    RS485_TxCpltHandler                      0x08006381   Thumb Code   350  control.o(.text.RS485_TxCpltHandler)
    SVC_Handler                              0x080064e1   Thumb Code     2  stm32h7xx_it.o(.text.SVC_Handler)
    SysTick_Handler                          0x080064e9   Thumb Code     4  stm32h7xx_it.o(.text.SysTick_Handler)
    SystemClock_Config                       0x080064f1   Thumb Code   208  main.o(.text.SystemClock_Config)
    SystemInit                               0x080065c1   Thumb Code   210  system_stm32h7xx.o(.text.SystemInit)
    TIM1_UP_IRQHandler                       0x08006699   Thumb Code    12  stm32h7xx_it.o(.text.TIM1_UP_IRQHandler)
    TIM_Base_SetConfig                       0x080066a9   Thumb Code   376  stm32h7xx_hal_tim.o(.text.TIM_Base_SetConfig)
    UART5_IRQHandler                         0x08006821   Thumb Code    12  stm32h7xx_it.o(.text.UART5_IRQHandler)
    UART_AdvFeatureConfig                    0x08006831   Thumb Code   224  stm32h7xx_hal_uart.o(.text.UART_AdvFeatureConfig)
    UART_CheckIdleState                      0x08006911   Thumb Code   374  stm32h7xx_hal_uart.o(.text.UART_CheckIdleState)
    UART_SetConfig                           0x08007901   Thumb Code  1172  stm32h7xx_hal_uart.o(.text.UART_SetConfig)
    UART_Start_Receive_DMA                   0x08007da1   Thumb Code   340  stm32h7xx_hal_uart.o(.text.UART_Start_Receive_DMA)
    UART_Start_Receive_IT                    0x08007ef9   Thumb Code   628  stm32h7xx_hal_uart.o(.text.UART_Start_Receive_IT)
    UART_WaitOnFlagUntilTimeout              0x08008171   Thumb Code   856  stm32h7xx_hal_uart.o(.text.UART_WaitOnFlagUntilTimeout)
    USART2_IRQHandler                        0x080084c9   Thumb Code    12  stm32h7xx_it.o(.text.USART2_IRQHandler)
    USART3_IRQHandler                        0x080084d9   Thumb Code    12  stm32h7xx_it.o(.text.USART3_IRQHandler)
    UsageFault_Handler                       0x080084e9   Thumb Code     2  stm32h7xx_it.o(.text.UsageFault_Handler)
    crc_ccitt                                0x080084f1   Thumb Code   274  crc_ccitt.o(.text.crc_ccitt)
    extract_data                             0x08008609   Thumb Code   192  gom_protocol.o(.text.extract_data)
    fivebar_inverse                          0x080086d9   Thumb Code   252  motion.o(.text.fivebar_inverse)
    foot_ellipse_trajectory                  0x080087f1   Thumb Code   136  motion.o(.text.foot_ellipse_trajectory)
    main                                     0x08008879   Thumb Code   772  main.o(.text.main)
    modify_data                              0x08008b91   Thumb Code   412  gom_protocol.o(.text.modify_data)
    output_to_rotor                          0x08008df1   Thumb Code    42  motion.o(.text.output_to_rotor)
    __ARM_fpclassifyf                        0x08008e1b   Thumb Code    38  fpclassifyf.o(i.__ARM_fpclassifyf)
    __hardfp_acosf                           0x08008e41   Thumb Code   234  acosf.o(i.__hardfp_acosf)
    __hardfp_atan2f                          0x08008f59   Thumb Code   594  atan2f.o(i.__hardfp_atan2f)
    __hardfp_cosf                            0x08009205   Thumb Code   280  cosf.o(i.__hardfp_cosf)
    __hardfp_fmodf                           0x08009355   Thumb Code   176  fmodf.o(i.__hardfp_fmodf)
    __hardfp_sinf                            0x08009405   Thumb Code   344  sinf.o(i.__hardfp_sinf)
    __mathlib_flt_infnan                     0x08009595   Thumb Code     6  funder.o(i.__mathlib_flt_infnan)
    __mathlib_flt_infnan2                    0x0800959b   Thumb Code     6  funder.o(i.__mathlib_flt_infnan2)
    __mathlib_flt_invalid                    0x080095a1   Thumb Code    10  funder.o(i.__mathlib_flt_invalid)
    __mathlib_flt_underflow                  0x080095b1   Thumb Code    10  funder.o(i.__mathlib_flt_underflow)
    __mathlib_rredf2                         0x080095c1   Thumb Code   316  rredf.o(i.__mathlib_rredf2)
    sqrtf                                    0x08009715   Thumb Code    62  sqrtf.o(i.sqrtf)
    __fpl_fnaninf                            0x08009753   Thumb Code   140  fnaninf.o(x$fpl$fnaninf)
    _fp_init                                 0x080097df   Thumb Code    26  fpinit.o(x$fpl$fpinit)
    __fplib_config_fpu_vfp                   0x080097f7   Thumb Code     0  fpinit.o(x$fpl$fpinit)
    __fplib_config_pureend_doubles           0x080097f7   Thumb Code     0  fpinit.o(x$fpl$fpinit)
    _frem                                    0x080097f9   Thumb Code   240  frem_clz.o(x$fpl$frem)
    __I$use$fp                               0x080098ec   Number         0  usenofp.o(x$fpl$usenofp)
    D1CorePrescTable                         0x08009918   Data          16  system_stm32h7xx.o(.rodata.D1CorePrescTable)
    UARTPrescTable                           0x08009928   Data          24  stm32h7xx_hal_uart.o(.rodata.UARTPrescTable)
    crc_ccitt_table                          0x08009940   Data         512  crc_ccitt.o(.rodata.crc_ccitt_table)
    Region$$Table$$Base                      0x08009b50   Number         0  anon$$obj.o(Region$$Table)
    Region$$Table$$Limit                     0x08009b70   Number         0  anon$$obj.o(Region$$Table)
    uwTickFreq                               0x24000044   Data           1  stm32h7xx_hal.o(.data..L_MergedGlobals)
    uwTickPrio                               0x24000048   Data           4  stm32h7xx_hal.o(.data..L_MergedGlobals)
    SystemCoreClock                          0x2400004c   Data           4  system_stm32h7xx.o(.data..L_MergedGlobals)
    SystemD2Clock                            0x24000050   Data           4  system_stm32h7xx.o(.data..L_MergedGlobals)
    cmd_list                                 0x24000054   Data          32  control.o(.data..L_MergedGlobals)
    data_list                                0x24000074   Data          32  control.o(.data..L_MergedGlobals)
    PI_VAL                                   0x24000098   Data           8  motion.o(.data.PI_VAL)
    dt                                       0x240000a0   Data           4  main.o(.data.dt)
    __libspace_start                         0x240000a8   Data          96  libspace.o(.bss)
    __temporary_stack_top$libspace           0x24000108   Data           0  libspace.o(.bss)
    start                                    0x24000108   Data           1  main.o(.bss..L_MergedGlobals)
    start_1                                  0x24000109   Data           1  main.o(.bss..L_MergedGlobals)
    time                                     0x2400010c   Data           4  main.o(.bss..L_MergedGlobals)
    theta0_out                               0x24000110   Data           4  main.o(.bss..L_MergedGlobals)
    theta1_out                               0x24000114   Data           4  main.o(.bss..L_MergedGlobals)
    P                                        0x24000118   Data           8  main.o(.bss..L_MergedGlobals)
    joint_param_0                            0x24000120   Data          16  main.o(.bss..L_MergedGlobals)
    joint_param_1                            0x24000130   Data          16  main.o(.bss..L_MergedGlobals)
    joint_param_2                            0x24000140   Data          16  main.o(.bss..L_MergedGlobals)
    joint_param_3                            0x24000150   Data          16  main.o(.bss..L_MergedGlobals)
    joint_param_4                            0x24000160   Data          16  main.o(.bss..L_MergedGlobals)
    joint_param_5                            0x24000170   Data          16  main.o(.bss..L_MergedGlobals)
    joint_param_6                            0x24000180   Data          16  main.o(.bss..L_MergedGlobals.1)
    joint_param_7                            0x24000190   Data          16  main.o(.bss..L_MergedGlobals.1)
    traj_param                               0x240001a0   Data          16  main.o(.bss..L_MergedGlobals.1)
    rs485                                    0x240001b0   Data          24  main.o(.bss..L_MergedGlobals.1)
    pData                                    0x240001c8   Data          26  main.o(.bss..L_MergedGlobals.1)
    Pospid                                   0x240001e4   Data         192  main.o(.bss.Pospid)
    cmd_0                                    0x240002a4   Data          44  control.o(.bss.cmd_0)
    cmd_1                                    0x240002d0   Data          44  control.o(.bss.cmd_1)
    cmd_2                                    0x240002fc   Data          44  control.o(.bss.cmd_2)
    cmd_3                                    0x24000328   Data          44  control.o(.bss.cmd_3)
    cmd_4                                    0x24000354   Data          44  control.o(.bss.cmd_4)
    cmd_5                                    0x24000380   Data          44  control.o(.bss.cmd_5)
    cmd_6                                    0x240003ac   Data          44  control.o(.bss.cmd_6)
    cmd_7                                    0x240003d8   Data          44  control.o(.bss.cmd_7)
    data_0                                   0x24000404   Data          60  control.o(.bss.data_0)
    data_1                                   0x24000440   Data          60  control.o(.bss.data_1)
    data_2                                   0x2400047c   Data          60  control.o(.bss.data_2)
    data_3                                   0x240004b8   Data          60  control.o(.bss.data_3)
    data_4                                   0x240004f4   Data          60  control.o(.bss.data_4)
    data_5                                   0x24000530   Data          60  control.o(.bss.data_5)
    data_6                                   0x2400056c   Data          60  control.o(.bss.data_6)
    data_7                                   0x240005a8   Data          60  control.o(.bss.data_7)
    hdma_uart5_rx                            0x240005e4   Data         120  usart.o(.bss.hdma_uart5_rx)
    hdma_usart2_rx                           0x2400065c   Data         120  usart.o(.bss.hdma_usart2_rx)
    hdma_usart2_tx                           0x240006d4   Data         120  usart.o(.bss.hdma_usart2_tx)
    hdma_usart3_rx                           0x2400074c   Data         120  usart.o(.bss.hdma_usart3_rx)
    hdma_usart3_tx                           0x240007c4   Data         120  usart.o(.bss.hdma_usart3_tx)
    htim1                                    0x2400083c   Data          76  tim.o(.bss.htim1)
    huart2                                   0x24000888   Data         148  usart.o(.bss.huart2)
    huart3                                   0x2400091c   Data         148  usart.o(.bss.huart3)
    huart5                                   0x240009b0   Data         148  usart.o(.bss.huart5)
    uwTick                                   0x24000a44   Data           4  stm32h7xx_hal.o(.bss.uwTick)



==============================================================================

Memory Map of the image

  Image Entry point : 0x080002cd

  Load Region LR_IROM1 (Base: 0x08000000, Size: 0x00009c18, Max: 0x00100000, ABSOLUTE)

    Execution Region ER_IROM1 (Exec base: 0x08000000, Load base: 0x08000000, Size: 0x00009b70, Max: 0x00100000, ABSOLUTE)

    Exec Addr    Load Addr    Size         Type   Attr      Idx    E Section Name        Object

    0x08000000   0x08000000   0x000002cc   Data   RO            3    RESET               startup_stm32h723xx.o
    0x080002cc   0x080002cc   0x00000008   Code   RO         1638  * !!!main             c_w.l(__main.o)
    0x080002d4   0x080002d4   0x0000005c   Code   RO         1882    !!!scatter          c_w.l(__scatter.o)
    0x08000330   0x08000330   0x0000001a   Code   RO         1886    !!handler_copy      c_w.l(__scatter_copy.o)
    0x0800034a   0x0800034a   0x00000002   PAD
    0x0800034c   0x0800034c   0x00000002   Code   RO         1883    !!handler_null      c_w.l(__scatter.o)
    0x0800034e   0x0800034e   0x00000002   PAD
    0x08000350   0x08000350   0x0000001c   Code   RO         1888    !!handler_zi        c_w.l(__scatter_zi.o)
    0x0800036c   0x0800036c   0x00000002   Code   RO         1747    .ARM.Collect$$libinit$$00000000  c_w.l(libinit.o)
    0x0800036e   0x0800036e   0x00000004   Code   RO         1756    .ARM.Collect$$libinit$$00000001  c_w.l(libinit2.o)
    0x08000372   0x08000372   0x00000000   Code   RO         1759    .ARM.Collect$$libinit$$00000004  c_w.l(libinit2.o)
    0x08000372   0x08000372   0x00000000   Code   RO         1761    .ARM.Collect$$libinit$$00000006  c_w.l(libinit2.o)
    0x08000372   0x08000372   0x00000000   Code   RO         1764    .ARM.Collect$$libinit$$0000000C  c_w.l(libinit2.o)
    0x08000372   0x08000372   0x00000000   Code   RO         1766    .ARM.Collect$$libinit$$0000000E  c_w.l(libinit2.o)
    0x08000372   0x08000372   0x00000000   Code   RO         1768    .ARM.Collect$$libinit$$00000010  c_w.l(libinit2.o)
    0x08000372   0x08000372   0x00000000   Code   RO         1771    .ARM.Collect$$libinit$$00000013  c_w.l(libinit2.o)
    0x08000372   0x08000372   0x00000000   Code   RO         1773    .ARM.Collect$$libinit$$00000015  c_w.l(libinit2.o)
    0x08000372   0x08000372   0x00000000   Code   RO         1775    .ARM.Collect$$libinit$$00000017  c_w.l(libinit2.o)
    0x08000372   0x08000372   0x00000000   Code   RO         1777    .ARM.Collect$$libinit$$00000019  c_w.l(libinit2.o)
    0x08000372   0x08000372   0x00000000   Code   RO         1779    .ARM.Collect$$libinit$$0000001B  c_w.l(libinit2.o)
    0x08000372   0x08000372   0x00000000   Code   RO         1781    .ARM.Collect$$libinit$$0000001D  c_w.l(libinit2.o)
    0x08000372   0x08000372   0x00000000   Code   RO         1783    .ARM.Collect$$libinit$$0000001F  c_w.l(libinit2.o)
    0x08000372   0x08000372   0x00000000   Code   RO         1785    .ARM.Collect$$libinit$$00000021  c_w.l(libinit2.o)
    0x08000372   0x08000372   0x00000000   Code   RO         1787    .ARM.Collect$$libinit$$00000023  c_w.l(libinit2.o)
    0x08000372   0x08000372   0x00000000   Code   RO         1789    .ARM.Collect$$libinit$$00000025  c_w.l(libinit2.o)
    0x08000372   0x08000372   0x00000000   Code   RO         1791    .ARM.Collect$$libinit$$00000027  c_w.l(libinit2.o)
    0x08000372   0x08000372   0x00000000   Code   RO         1795    .ARM.Collect$$libinit$$0000002E  c_w.l(libinit2.o)
    0x08000372   0x08000372   0x00000000   Code   RO         1797    .ARM.Collect$$libinit$$00000030  c_w.l(libinit2.o)
    0x08000372   0x08000372   0x00000000   Code   RO         1799    .ARM.Collect$$libinit$$00000032  c_w.l(libinit2.o)
    0x08000372   0x08000372   0x00000000   Code   RO         1801    .ARM.Collect$$libinit$$00000034  c_w.l(libinit2.o)
    0x08000372   0x08000372   0x00000002   Code   RO         1802    .ARM.Collect$$libinit$$00000035  c_w.l(libinit2.o)
    0x08000374   0x08000374   0x00000002   Code   RO         1837    .ARM.Collect$$libshutdown$$00000000  c_w.l(libshutdown.o)
    0x08000376   0x08000376   0x00000000   Code   RO         1865    .ARM.Collect$$libshutdown$$00000002  c_w.l(libshutdown2.o)
    0x08000376   0x08000376   0x00000000   Code   RO         1867    .ARM.Collect$$libshutdown$$00000004  c_w.l(libshutdown2.o)
    0x08000376   0x08000376   0x00000000   Code   RO         1870    .ARM.Collect$$libshutdown$$00000007  c_w.l(libshutdown2.o)
    0x08000376   0x08000376   0x00000000   Code   RO         1873    .ARM.Collect$$libshutdown$$0000000A  c_w.l(libshutdown2.o)
    0x08000376   0x08000376   0x00000000   Code   RO         1875    .ARM.Collect$$libshutdown$$0000000C  c_w.l(libshutdown2.o)
    0x08000376   0x08000376   0x00000000   Code   RO         1878    .ARM.Collect$$libshutdown$$0000000F  c_w.l(libshutdown2.o)
    0x08000376   0x08000376   0x00000002   Code   RO         1879    .ARM.Collect$$libshutdown$$00000010  c_w.l(libshutdown2.o)
    0x08000378   0x08000378   0x00000000   Code   RO         1670    .ARM.Collect$$rtentry$$00000000  c_w.l(__rtentry.o)
    0x08000378   0x08000378   0x00000000   Code   RO         1708    .ARM.Collect$$rtentry$$00000002  c_w.l(__rtentry2.o)
    0x08000378   0x08000378   0x00000006   Code   RO         1720    .ARM.Collect$$rtentry$$00000004  c_w.l(__rtentry4.o)
    0x0800037e   0x0800037e   0x00000000   Code   RO         1710    .ARM.Collect$$rtentry$$00000009  c_w.l(__rtentry2.o)
    0x0800037e   0x0800037e   0x00000004   Code   RO         1711    .ARM.Collect$$rtentry$$0000000A  c_w.l(__rtentry2.o)
    0x08000382   0x08000382   0x00000000   Code   RO         1713    .ARM.Collect$$rtentry$$0000000C  c_w.l(__rtentry2.o)
    0x08000382   0x08000382   0x00000008   Code   RO         1714    .ARM.Collect$$rtentry$$0000000D  c_w.l(__rtentry2.o)
    0x0800038a   0x0800038a   0x00000002   Code   RO         1748    .ARM.Collect$$rtexit$$00000000  c_w.l(rtexit.o)
    0x0800038c   0x0800038c   0x00000000   Code   RO         1808    .ARM.Collect$$rtexit$$00000002  c_w.l(rtexit2.o)
    0x0800038c   0x0800038c   0x00000004   Code   RO         1809    .ARM.Collect$$rtexit$$00000003  c_w.l(rtexit2.o)
    0x08000390   0x08000390   0x00000006   Code   RO         1810    .ARM.Collect$$rtexit$$00000004  c_w.l(rtexit2.o)
    0x08000396   0x08000396   0x00000002   PAD
    0x08000398   0x08000398   0x00000048   Code   RO            4    .text               startup_stm32h723xx.o
    0x080003e0   0x080003e0   0x000000f0   Code   RO         1630    .text               c_w.l(lludivv7m.o)
    0x080004d0   0x080004d0   0x0000008a   Code   RO         1632    .text               c_w.l(rt_memcpy_v6.o)
    0x0800055a   0x0800055a   0x0000004e   Code   RO         1634    .text               c_w.l(rt_memclr_w.o)
    0x080005a8   0x080005a8   0x00000006   Code   RO         1636    .text               c_w.l(heapauxi.o)
    0x080005ae   0x080005ae   0x00000016   Code   RO         1675    .text               c_w.l(_rserrno.o)
    0x080005c4   0x080005c4   0x00000064   Code   RO         1677    .text               c_w.l(rt_memcpy_w.o)
    0x08000628   0x08000628   0x00000008   Code   RO         1727    .text               c_w.l(rt_errno_addr_intlibspace.o)
    0x08000630   0x08000630   0x00000008   Code   RO         1731    .text               c_w.l(libspace.o)
    0x08000638   0x08000638   0x0000004a   Code   RO         1734    .text               c_w.l(sys_stackheap_outer.o)
    0x08000682   0x08000682   0x00000012   Code   RO         1736    .text               c_w.l(exit.o)
    0x08000694   0x08000694   0x0000000c   Code   RO         1803    .text               c_w.l(sys_exit.o)
    0x080006a0   0x080006a0   0x00000002   Code   RO         1826    .text               c_w.l(use_no_semi.o)
    0x080006a2   0x080006a2   0x00000000   Code   RO         1828    .text               c_w.l(indicate_semi.o)
    0x080006a2   0x080006a2   0x00000006   PAD
    0x080006a8   0x080006a8   0x00000002   Code   RO          106    .text.BusFault_Handler  stm32h7xx_it.o
    0x080006aa   0x080006aa   0x00000006   PAD
    0x080006b0   0x080006b0   0x0000000c   Code   RO          118    .text.DMA1_Stream0_IRQHandler  stm32h7xx_it.o
    0x080006bc   0x080006bc   0x00000004   PAD
    0x080006c0   0x080006c0   0x0000000c   Code   RO          120    .text.DMA1_Stream1_IRQHandler  stm32h7xx_it.o
    0x080006cc   0x080006cc   0x00000004   PAD
    0x080006d0   0x080006d0   0x0000000c   Code   RO          122    .text.DMA1_Stream2_IRQHandler  stm32h7xx_it.o
    0x080006dc   0x080006dc   0x00000004   PAD
    0x080006e0   0x080006e0   0x0000000c   Code   RO          124    .text.DMA1_Stream3_IRQHandler  stm32h7xx_it.o
    0x080006ec   0x080006ec   0x00000004   PAD
    0x080006f0   0x080006f0   0x0000000c   Code   RO          126    .text.DMA1_Stream4_IRQHandler  stm32h7xx_it.o
    0x080006fc   0x080006fc   0x00000004   PAD
    0x08000700   0x08000700   0x00000128   Code   RO          420    .text.DMA_CalcBaseAndBitshift  stm32h7xx_hal_dma.o
    0x08000828   0x08000828   0x00000308   Code   RO          426    .text.DMA_SetConfig  stm32h7xx_hal_dma.o
    0x08000b30   0x08000b30   0x00000026   Code   RO         1541    .text.DWT_Init      my_system.o
    0x08000b56   0x08000b56   0x00000002   PAD
    0x08000b58   0x08000b58   0x00000002   Code   RO          112    .text.DebugMon_Handler  stm32h7xx_it.o
    0x08000b5a   0x08000b5a   0x00000006   PAD
    0x08000b60   0x08000b60   0x0000000a   Code   RO           15    .text.Error_Handler  main.o
    0x08000b6a   0x08000b6a   0x00000006   PAD
    0x08000b70   0x08000b70   0x0000002c   Code   RO         1491    .text.ExitRun0Mode  system_stm32h7xx.o
    0x08000b9c   0x08000b9c   0x00000004   PAD
    0x08000ba0   0x08000ba0   0x0000052e   Code   RO          430    .text.HAL_DMA_Abort  stm32h7xx_hal_dma.o
    0x080010ce   0x080010ce   0x00000002   PAD
    0x080010d0   0x080010d0   0x000002b8   Code   RO          432    .text.HAL_DMA_Abort_IT  stm32h7xx_hal_dma.o
    0x08001388   0x08001388   0x00000004   Code   RO          444    .text.HAL_DMA_GetError  stm32h7xx_hal_dma.o
    0x0800138c   0x0800138c   0x00000004   PAD
    0x08001390   0x08001390   0x00000818   Code   RO          436    .text.HAL_DMA_IRQHandler  stm32h7xx_hal_dma.o
    0x08001ba8   0x08001ba8   0x00000658   Code   RO          418    .text.HAL_DMA_Init  stm32h7xx_hal_dma.o
    0x08002200   0x08002200   0x000003a6   Code   RO          428    .text.HAL_DMA_Start_IT  stm32h7xx_hal_dma.o
    0x080025a6   0x080025a6   0x00000002   PAD
    0x080025a8   0x080025a8   0x00000028   Code   RO          672    .text.HAL_Delay     stm32h7xx_hal.o
    0x080025d0   0x080025d0   0x000001a2   Code   RO          364    .text.HAL_GPIO_Init  stm32h7xx_hal_gpio.o
    0x08002772   0x08002772   0x00000006   PAD
    0x08002778   0x08002778   0x0000000c   Code   RO          664    .text.HAL_GetTick   stm32h7xx_hal.o
    0x08002784   0x08002784   0x00000004   PAD
    0x08002788   0x08002788   0x0000001a   Code   RO          662    .text.HAL_IncTick   stm32h7xx_hal.o
    0x080027a2   0x080027a2   0x00000006   PAD
    0x080027a8   0x080027a8   0x00000064   Code   RO          652    .text.HAL_Init      stm32h7xx_hal.o
    0x0800280c   0x0800280c   0x00000004   PAD
    0x08002810   0x08002810   0x0000004c   Code   RO          654    .text.HAL_InitTick  stm32h7xx_hal.o
    0x0800285c   0x0800285c   0x00000004   PAD
    0x08002860   0x08002860   0x0000005e   Code   RO          173    .text.HAL_MPU_ConfigRegion  stm32h7xx_hal_cortex.o
    0x080028be   0x080028be   0x00000002   PAD
    0x080028c0   0x080028c0   0x0000001a   Code   RO          165    .text.HAL_MPU_Disable  stm32h7xx_hal_cortex.o
    0x080028da   0x080028da   0x00000006   PAD
    0x080028e0   0x080028e0   0x00000020   Code   RO          167    .text.HAL_MPU_Enable  stm32h7xx_hal_cortex.o
    0x08002900   0x08002900   0x00000020   Code   RO          143    .text.HAL_MspInit   stm32h7xx_hal_msp.o
    0x08002920   0x08002920   0x00000022   Code   RO          155    .text.HAL_NVIC_EnableIRQ  stm32h7xx_hal_cortex.o
    0x08002942   0x08002942   0x00000006   PAD
    0x08002948   0x08002948   0x0000005a   Code   RO          153    .text.HAL_NVIC_SetPriority  stm32h7xx_hal_cortex.o
    0x080029a2   0x080029a2   0x00000006   PAD
    0x080029a8   0x080029a8   0x00000020   Code   RO          151    .text.HAL_NVIC_SetPriorityGrouping  stm32h7xx_hal_cortex.o
    0x080029c8   0x080029c8   0x0000004c   Code   RO          568    .text.HAL_PWREx_ConfigSupply  stm32h7xx_hal_pwr_ex.o
    0x08002a14   0x08002a14   0x00000004   PAD
    0x08002a18   0x08002a18   0x00000026   Code   RO          255    .text.HAL_RCCEx_GetD3PCLK1Freq  stm32h7xx_hal_rcc_ex.o
    0x08002a3e   0x08002a3e   0x00000002   PAD
    0x08002a40   0x08002a40   0x0000012c   Code   RO          251    .text.HAL_RCCEx_GetPLL2ClockFreq  stm32h7xx_hal_rcc_ex.o
    0x08002b6c   0x08002b6c   0x00000004   PAD
    0x08002b70   0x08002b70   0x0000012c   Code   RO          253    .text.HAL_RCCEx_GetPLL3ClockFreq  stm32h7xx_hal_rcc_ex.o
    0x08002c9c   0x08002c9c   0x00000004   PAD
    0x08002ca0   0x08002ca0   0x00000aa8   Code   RO          239    .text.HAL_RCCEx_PeriphCLKConfig  stm32h7xx_hal_rcc_ex.o
    0x08003748   0x08003748   0x00000268   Code   RO          207    .text.HAL_RCC_ClockConfig  stm32h7xx_hal_rcc.o
    0x080039b0   0x080039b0   0x0000004c   Code   RO          217    .text.HAL_RCC_GetHCLKFreq  stm32h7xx_hal_rcc.o
    0x080039fc   0x080039fc   0x00000004   PAD
    0x08003a00   0x08003a00   0x00000060   Code   RO          219    .text.HAL_RCC_GetPCLK1Freq  stm32h7xx_hal_rcc.o
    0x08003a60   0x08003a60   0x00000060   Code   RO          221    .text.HAL_RCC_GetPCLK2Freq  stm32h7xx_hal_rcc.o
    0x08003ac0   0x08003ac0   0x00000118   Code   RO          209    .text.HAL_RCC_GetSysClockFreq  stm32h7xx_hal_rcc.o
    0x08003bd8   0x08003bd8   0x0000052c   Code   RO          205    .text.HAL_RCC_OscConfig  stm32h7xx_hal_rcc.o
    0x08004104   0x08004104   0x00000004   PAD
    0x08004108   0x08004108   0x00000084   Code   RO         1446    .text.HAL_RS485Ex_Init  stm32h7xx_hal_uart_ex.o
    0x0800418c   0x0800418c   0x00000004   PAD
    0x08004190   0x08004190   0x0000002e   Code   RO          163    .text.HAL_SYSTICK_Config  stm32h7xx_hal_cortex.o
    0x080041be   0x080041be   0x00000002   PAD
    0x080041c0   0x080041c0   0x00000002   Code   RO         1287    .text.HAL_TIMEx_Break2Callback  stm32h7xx_hal_tim_ex.o
    0x080041c2   0x080041c2   0x00000006   PAD
    0x080041c8   0x080041c8   0x00000002   Code   RO         1285    .text.HAL_TIMEx_BreakCallback  stm32h7xx_hal_tim_ex.o
    0x080041ca   0x080041ca   0x00000006   PAD
    0x080041d0   0x080041d0   0x00000002   Code   RO         1281    .text.HAL_TIMEx_CommutCallback  stm32h7xx_hal_tim_ex.o
    0x080041d2   0x080041d2   0x00000006   PAD
    0x080041d8   0x080041d8   0x000000de   Code   RO         1265    .text.HAL_TIMEx_MasterConfigSynchronization  stm32h7xx_hal_tim_ex.o
    0x080042b6   0x080042b6   0x00000002   PAD
    0x080042b8   0x080042b8   0x00000060   Code   RO          970    .text.HAL_TIM_Base_Init  stm32h7xx_hal_tim.o
    0x08004318   0x08004318   0x00000042   Code   RO           61    .text.HAL_TIM_Base_MspInit  tim.o
    0x0800435a   0x0800435a   0x00000006   PAD
    0x08004360   0x08004360   0x000000dc   Code   RO          984    .text.HAL_TIM_Base_Start_IT  stm32h7xx_hal_tim.o
    0x0800443c   0x0800443c   0x00000004   PAD
    0x08004440   0x08004440   0x00000200   Code   RO         1150    .text.HAL_TIM_ConfigClockSource  stm32h7xx_hal_tim.o
    0x08004640   0x08004640   0x00000002   Code   RO         1106    .text.HAL_TIM_IC_CaptureCallback  stm32h7xx_hal_tim.o
    0x08004642   0x08004642   0x00000006   PAD
    0x08004648   0x08004648   0x0000016c   Code   RO         1104    .text.HAL_TIM_IRQHandler  stm32h7xx_hal_tim.o
    0x080047b4   0x080047b4   0x00000004   PAD
    0x080047b8   0x080047b8   0x00000002   Code   RO         1108    .text.HAL_TIM_OC_DelayElapsedCallback  stm32h7xx_hal_tim.o
    0x080047ba   0x080047ba   0x00000006   PAD
    0x080047c0   0x080047c0   0x00000002   Code   RO         1110    .text.HAL_TIM_PWM_PulseFinishedCallback  stm32h7xx_hal_tim.o
    0x080047c2   0x080047c2   0x00000006   PAD
    0x080047c8   0x080047c8   0x000002c4   Code   RO           17    .text.HAL_TIM_PeriodElapsedCallback  main.o
    0x08004a8c   0x08004a8c   0x00000004   PAD
    0x08004a90   0x08004a90   0x00000002   Code   RO         1114    .text.HAL_TIM_TriggerCallback  stm32h7xx_hal_tim.o
    0x08004a92   0x08004a92   0x00000006   PAD
    0x08004a98   0x08004a98   0x00000036   Code   RO         1464    .text.HAL_UARTEx_DisableFifoMode  stm32h7xx_hal_uart_ex.o
    0x08004ace   0x08004ace   0x00000002   PAD
    0x08004ad0   0x08004ad0   0x00000098   Code   RO         1474    .text.HAL_UARTEx_ReceiveToIdle_DMA  stm32h7xx_hal_uart_ex.o
    0x08004b68   0x08004b68   0x00000032   Code   RO           21    .text.HAL_UARTEx_RxEventCallback  main.o
    0x08004b9a   0x08004b9a   0x00000006   PAD
    0x08004ba0   0x08004ba0   0x00000002   Code   RO         1450    .text.HAL_UARTEx_RxFifoFullCallback  stm32h7xx_hal_uart_ex.o
    0x08004ba2   0x08004ba2   0x00000006   PAD
    0x08004ba8   0x08004ba8   0x00000090   Code   RO         1468    .text.HAL_UARTEx_SetRxFifoThreshold  stm32h7xx_hal_uart_ex.o
    0x08004c38   0x08004c38   0x00000090   Code   RO         1466    .text.HAL_UARTEx_SetTxFifoThreshold  stm32h7xx_hal_uart_ex.o
    0x08004cc8   0x08004cc8   0x00000002   Code   RO         1452    .text.HAL_UARTEx_TxFifoEmptyCallback  stm32h7xx_hal_uart_ex.o
    0x08004cca   0x08004cca   0x00000006   PAD
    0x08004cd0   0x08004cd0   0x00000002   Code   RO         1448    .text.HAL_UARTEx_WakeupCallback  stm32h7xx_hal_uart_ex.o
    0x08004cd2   0x08004cd2   0x00000006   PAD
    0x08004cd8   0x08004cd8   0x00000196   Code   RO         1363    .text.HAL_UART_AbortReceive  stm32h7xx_hal_uart.o
    0x08004e6e   0x08004e6e   0x00000002   PAD
    0x08004e70   0x08004e70   0x00000002   Code   RO         1389    .text.HAL_UART_ErrorCallback  stm32h7xx_hal_uart.o
    0x08004e72   0x08004e72   0x00000006   PAD
    0x08004e78   0x08004e78   0x00000772   Code   RO         1385    .text.HAL_UART_IRQHandler  stm32h7xx_hal_uart.o
    0x080055ea   0x080055ea   0x00000006   PAD
    0x080055f0   0x080055f0   0x00000064   Code   RO         1301    .text.HAL_UART_Init  stm32h7xx_hal_uart.o
    0x08005654   0x08005654   0x00000004   PAD
    0x08005658   0x08005658   0x00000318   Code   RO           80    .text.HAL_UART_MspInit  usart.o
    0x08005970   0x08005970   0x000000ac   Code   RO         1337    .text.HAL_UART_Receive_IT  stm32h7xx_hal_uart.o
    0x08005a1c   0x08005a1c   0x00000004   PAD
    0x08005a20   0x08005a20   0x0000002a   Code   RO           23    .text.HAL_UART_RxCpltCallback  main.o
    0x08005a4a   0x08005a4a   0x00000006   PAD
    0x08005a50   0x08005a50   0x00000002   Code   RO         1399    .text.HAL_UART_RxHalfCpltCallback  stm32h7xx_hal_uart.o
    0x08005a52   0x08005a52   0x00000006   PAD
    0x08005a58   0x08005a58   0x000000d2   Code   RO         1341    .text.HAL_UART_Transmit_DMA  stm32h7xx_hal_uart.o
    0x08005b2a   0x08005b2a   0x00000006   PAD
    0x08005b30   0x08005b30   0x00000014   Code   RO           19    .text.HAL_UART_TxCpltCallback  main.o
    0x08005b44   0x08005b44   0x00000004   PAD
    0x08005b48   0x08005b48   0x00000002   Code   RO         1395    .text.HAL_UART_TxHalfCpltCallback  stm32h7xx_hal_uart.o
    0x08005b4a   0x08005b4a   0x00000006   PAD
    0x08005b50   0x08005b50   0x00000002   Code   RO          102    .text.HardFault_Handler  stm32h7xx_it.o
    0x08005b52   0x08005b52   0x00000006   PAD
    0x08005b58   0x08005b58   0x00000074   Code   RO           50    .text.MX_DMA_Init   dma.o
    0x08005bcc   0x08005bcc   0x00000004   PAD
    0x08005bd0   0x08005bd0   0x00000068   Code   RO           42    .text.MX_GPIO_Init  gpio.o
    0x08005c38   0x08005c38   0x00000076   Code   RO           59    .text.MX_TIM1_Init  tim.o
    0x08005cae   0x08005cae   0x00000002   PAD
    0x08005cb0   0x08005cb0   0x00000080   Code   RO           74    .text.MX_UART5_Init  usart.o
    0x08005d30   0x08005d30   0x00000084   Code   RO           76    .text.MX_USART2_UART_Init  usart.o
    0x08005db4   0x08005db4   0x00000004   PAD
    0x08005db8   0x08005db8   0x00000084   Code   RO           78    .text.MX_USART3_UART_Init  usart.o
    0x08005e3c   0x08005e3c   0x00000004   PAD
    0x08005e40   0x08005e40   0x00000002   Code   RO          104    .text.MemManage_Handler  stm32h7xx_it.o
    0x08005e42   0x08005e42   0x00000006   PAD
    0x08005e48   0x08005e48   0x00000002   Code   RO          100    .text.NMI_Handler   stm32h7xx_it.o
    0x08005e4a   0x08005e4a   0x00000006   PAD
    0x08005e50   0x08005e50   0x00000002   Code   RO          114    .text.PendSV_Handler  stm32h7xx_it.o
    0x08005e52   0x08005e52   0x00000006   PAD
    0x08005e58   0x08005e58   0x00000012   Code   RO         1554    .text.PosPID_Init   pid.o
    0x08005e6a   0x08005e6a   0x00000006   PAD
    0x08005e70   0x08005e70   0x00000052   Code   RO         1556    .text.PosPID_UpdateCmd  pid.o
    0x08005ec2   0x08005ec2   0x00000006   PAD
    0x08005ec8   0x08005ec8   0x00000122   Code   RO          241    .text.RCCEx_PLL2_Config  stm32h7xx_hal_rcc_ex.o
    0x08005fea   0x08005fea   0x00000006   PAD
    0x08005ff0   0x08005ff0   0x00000122   Code   RO          243    .text.RCCEx_PLL3_Config  stm32h7xx_hal_rcc_ex.o
    0x08006112   0x08006112   0x00000006   PAD
    0x08006118   0x08006118   0x0000007c   Code   RO         1572    .text.RS485_RxCpltHandler  control.o
    0x08006194   0x08006194   0x00000004   PAD
    0x08006198   0x08006198   0x0000013c   Code   RO         1566    .text.RS485_Schedule  control.o
    0x080062d4   0x080062d4   0x00000004   PAD
    0x080062d8   0x080062d8   0x00000098   Code   RO         1574    .text.RS485_SetMotorMask  control.o
    0x08006370   0x08006370   0x0000000c   Code   RO         1576    .text.RS485_SetRxTimeout  control.o
    0x0800637c   0x0800637c   0x00000004   PAD
    0x08006380   0x08006380   0x0000015e   Code   RO         1570    .text.RS485_TxCpltHandler  control.o
    0x080064de   0x080064de   0x00000002   PAD
    0x080064e0   0x080064e0   0x00000002   Code   RO          110    .text.SVC_Handler   stm32h7xx_it.o
    0x080064e2   0x080064e2   0x00000006   PAD
    0x080064e8   0x080064e8   0x00000004   Code   RO          116    .text.SysTick_Handler  stm32h7xx_it.o
    0x080064ec   0x080064ec   0x00000004   PAD
    0x080064f0   0x080064f0   0x000000d0   Code   RO           13    .text.SystemClock_Config  main.o
    0x080065c0   0x080065c0   0x000000d2   Code   RO         1487    .text.SystemInit    system_stm32h7xx.o
    0x08006692   0x08006692   0x00000006   PAD
    0x08006698   0x08006698   0x0000000c   Code   RO          128    .text.TIM1_UP_IRQHandler  stm32h7xx_it.o
    0x080066a4   0x080066a4   0x00000004   PAD
    0x080066a8   0x080066a8   0x00000178   Code   RO          974    .text.TIM_Base_SetConfig  stm32h7xx_hal_tim.o
    0x08006820   0x08006820   0x0000000c   Code   RO          134    .text.UART5_IRQHandler  stm32h7xx_it.o
    0x0800682c   0x0800682c   0x00000004   PAD
    0x08006830   0x08006830   0x000000e0   Code   RO         1305    .text.UART_AdvFeatureConfig  stm32h7xx_hal_uart.o
    0x08006910   0x08006910   0x00000176   Code   RO         1309    .text.UART_CheckIdleState  stm32h7xx_hal_uart.o
    0x08006a86   0x08006a86   0x00000002   PAD
    0x08006a88   0x08006a88   0x0000000c   Code   RO         1387    .text.UART_DMAAbortOnError  stm32h7xx_hal_uart.o
    0x08006a94   0x08006a94   0x00000004   PAD
    0x08006a98   0x08006a98   0x000001f4   Code   RO         1347    .text.UART_DMAError  stm32h7xx_hal_uart.o
    0x08006c8c   0x08006c8c   0x00000004   PAD
    0x08006c90   0x08006c90   0x00000178   Code   RO         1431    .text.UART_DMAReceiveCplt  stm32h7xx_hal_uart.o
    0x08006e08   0x08006e08   0x0000001c   Code   RO         1433    .text.UART_DMARxHalfCplt  stm32h7xx_hal_uart.o
    0x08006e24   0x08006e24   0x00000004   PAD
    0x08006e28   0x08006e28   0x000000ba   Code   RO         1343    .text.UART_DMATransmitCplt  stm32h7xx_hal_uart.o
    0x08006ee2   0x08006ee2   0x00000006   PAD
    0x08006ee8   0x08006ee8   0x00000006   Code   RO         1345    .text.UART_DMATxHalfCplt  stm32h7xx_hal_uart.o
    0x08006eee   0x08006eee   0x00000002   PAD
    0x08006ef0   0x08006ef0   0x000001c4   Code   RO         1427    .text.UART_RxISR_16BIT  stm32h7xx_hal_uart.o
    0x080070b4   0x080070b4   0x00000004   PAD
    0x080070b8   0x080070b8   0x0000033a   Code   RO         1423    .text.UART_RxISR_16BIT_FIFOEN  stm32h7xx_hal_uart.o
    0x080073f2   0x080073f2   0x00000006   PAD
    0x080073f8   0x080073f8   0x000001c8   Code   RO         1429    .text.UART_RxISR_8BIT  stm32h7xx_hal_uart.o
    0x080075c0   0x080075c0   0x0000033e   Code   RO         1425    .text.UART_RxISR_8BIT_FIFOEN  stm32h7xx_hal_uart.o
    0x080078fe   0x080078fe   0x00000002   PAD
    0x08007900   0x08007900   0x0000049c   Code   RO         1307    .text.UART_SetConfig  stm32h7xx_hal_uart.o
    0x08007d9c   0x08007d9c   0x00000004   PAD
    0x08007da0   0x08007da0   0x00000154   Code   RO         1351    .text.UART_Start_Receive_DMA  stm32h7xx_hal_uart.o
    0x08007ef4   0x08007ef4   0x00000004   PAD
    0x08007ef8   0x08007ef8   0x00000274   Code   RO         1339    .text.UART_Start_Receive_IT  stm32h7xx_hal_uart.o
    0x0800816c   0x0800816c   0x00000004   PAD
    0x08008170   0x08008170   0x00000358   Code   RO         1323    .text.UART_WaitOnFlagUntilTimeout  stm32h7xx_hal_uart.o
    0x080084c8   0x080084c8   0x0000000c   Code   RO          130    .text.USART2_IRQHandler  stm32h7xx_it.o
    0x080084d4   0x080084d4   0x00000004   PAD
    0x080084d8   0x080084d8   0x0000000c   Code   RO          132    .text.USART3_IRQHandler  stm32h7xx_it.o
    0x080084e4   0x080084e4   0x00000004   PAD
    0x080084e8   0x080084e8   0x00000002   Code   RO          108    .text.UsageFault_Handler  stm32h7xx_it.o
    0x080084ea   0x080084ea   0x00000006   PAD
    0x080084f0   0x080084f0   0x00000112   Code   RO         1606    .text.crc_ccitt     crc_ccitt.o
    0x08008602   0x08008602   0x00000006   PAD
    0x08008608   0x08008608   0x000000cc   Code   RO         1619    .text.extract_data  gom_protocol.o
    0x080086d4   0x080086d4   0x00000004   PAD
    0x080086d8   0x080086d8   0x00000118   Code   RO         1524    .text.fivebar_inverse  motion.o
    0x080087f0   0x080087f0   0x00000088   Code   RO         1520    .text.foot_ellipse_trajectory  motion.o
    0x08008878   0x08008878   0x00000314   Code   RO           11    .text.main          main.o
    0x08008b8c   0x08008b8c   0x00000004   PAD
    0x08008b90   0x08008b90   0x000001cc   Code   RO         1617    .text.modify_data   gom_protocol.o
    0x08008d5c   0x08008d5c   0x00000004   PAD
    0x08008d60   0x08008d60   0x0000008c   Code   RO         1568    .text.move_to_next_enabled_motor  control.o
    0x08008dec   0x08008dec   0x00000004   PAD
    0x08008df0   0x08008df0   0x0000002a   Code   RO         1528    .text.output_to_rotor  motion.o
    0x08008e1a   0x08008e1a   0x00000026   Code   RO         1682    i.__ARM_fpclassifyf  m_wv.l(fpclassifyf.o)
    0x08008e40   0x08008e40   0x00000118   Code   RO         1640    i.__hardfp_acosf    m_wv.l(acosf.o)
    0x08008f58   0x08008f58   0x000002ac   Code   RO         1646    i.__hardfp_atan2f   m_wv.l(atan2f.o)
    0x08009204   0x08009204   0x00000150   Code   RO         1652    i.__hardfp_cosf     m_wv.l(cosf.o)
    0x08009354   0x08009354   0x000000b0   Code   RO         1658    i.__hardfp_fmodf    m_wv.l(fmodf.o)
    0x08009404   0x08009404   0x00000190   Code   RO         1664    i.__hardfp_sinf     m_wv.l(sinf.o)
    0x08009594   0x08009594   0x00000006   Code   RO         1685    i.__mathlib_flt_infnan  m_wv.l(funder.o)
    0x0800959a   0x0800959a   0x00000006   Code   RO         1686    i.__mathlib_flt_infnan2  m_wv.l(funder.o)
    0x080095a0   0x080095a0   0x00000010   Code   RO         1687    i.__mathlib_flt_invalid  m_wv.l(funder.o)
    0x080095b0   0x080095b0   0x00000010   Code   RO         1690    i.__mathlib_flt_underflow  m_wv.l(funder.o)
    0x080095c0   0x080095c0   0x00000154   Code   RO         1698    i.__mathlib_rredf2  m_wv.l(rredf.o)
    0x08009714   0x08009714   0x0000003e   Code   RO         1703    i.sqrtf             m_wv.l(sqrtf.o)
    0x08009752   0x08009752   0x0000008c   Code   RO         1729    x$fpl$fnaninf       fz_wv.l(fnaninf.o)
    0x080097de   0x080097de   0x0000001a   Code   RO         1820    x$fpl$fpinit        fz_wv.l(fpinit.o)
    0x080097f8   0x080097f8   0x000000f4   Code   RO         1679    x$fpl$frem          fz_wv.l(frem_clz.o)
    0x080098ec   0x080098ec   0x00000000   Code   RO         1681    x$fpl$usenofp       fz_wv.l(usenofp.o)
    0x080098ec   0x080098ec   0x00000020   Data   RO         1699    .constdata          m_wv.l(rredf.o)
    0x0800990c   0x0800990c   0x00000006   Data   RO         1436    .rodata..Lswitch.table.UART_SetConfig.7  stm32h7xx_hal_uart.o
    0x08009912   0x08009912   0x00000006   Data   RO         1437    .rodata..Lswitch.table.UART_SetConfig.9  stm32h7xx_hal_uart.o
    0x08009918   0x08009918   0x00000010   Data   RO         1493    .rodata.D1CorePrescTable  system_stm32h7xx.o
    0x08009928   0x08009928   0x00000018   Data   RO         1435    .rodata.UARTPrescTable  stm32h7xx_hal_uart.o
    0x08009940   0x08009940   0x00000200   Data   RO         1608    .rodata.crc_ccitt_table  crc_ccitt.o
    0x08009b40   0x08009b40   0x00000010   Data   RO         1478    .rodata.cst8        stm32h7xx_hal_uart_ex.o
    0x08009b50   0x08009b50   0x00000020   Data   RO         1881    Region$$Table       anon$$obj.o


    Execution Region RW_IRAM1 (Exec base: 0x20000000, Load base: 0x08009b70, Size: 0x00000000, Max: 0x00020000, ABSOLUTE)

    **** No section assigned to this execution region ****


    Execution Region RW_IRAM2 (Exec base: 0x24000000, Load base: 0x08009b70, Size: 0x00001048, Max: 0x00050000, ABSOLUTE)

    Exec Addr    Load Addr    Size         Type   Attr      Idx    E Section Name        Object

    0x24000000   0x08009b70   0x00000042   Data   RW         1595    .RAM_D2             control.o
    0x24000042   0x08009bb2   0x00000002   PAD
    0x24000044   0x08009bb4   0x00000008   Data   RW          761    .data..L_MergedGlobals  stm32h7xx_hal.o
    0x2400004c   0x08009bbc   0x00000008   Data   RW         1494    .data..L_MergedGlobals  system_stm32h7xx.o
    0x24000054   0x08009bc4   0x00000040   Data   RW         1594    .data..L_MergedGlobals  control.o
    0x24000094   0x08009c04   0x00000004   PAD
    0x24000098   0x08009c08   0x00000008   Data   RW         1532    .data.PI_VAL        motion.o
    0x240000a0   0x08009c10   0x00000004   Data   RW           25    .data.dt            main.o
    0x240000a4   0x08009c14   0x00000004   PAD
    0x240000a8        -       0x00000060   Zero   RW         1732    .bss                c_w.l(libspace.o)
    0x24000108        -       0x00000078   Zero   RW           32    .bss..L_MergedGlobals  main.o
    0x24000180        -       0x00000062   Zero   RW           33    .bss..L_MergedGlobals.1  main.o
    0x240001e2   0x08009c14   0x00000002   PAD
    0x240001e4        -       0x000000c0   Zero   RW           26    .bss.Pospid         main.o
    0x240002a4        -       0x0000002c   Zero   RW         1578    .bss.cmd_0          control.o
    0x240002d0        -       0x0000002c   Zero   RW         1579    .bss.cmd_1          control.o
    0x240002fc        -       0x0000002c   Zero   RW         1580    .bss.cmd_2          control.o
    0x24000328        -       0x0000002c   Zero   RW         1581    .bss.cmd_3          control.o
    0x24000354        -       0x0000002c   Zero   RW         1582    .bss.cmd_4          control.o
    0x24000380        -       0x0000002c   Zero   RW         1583    .bss.cmd_5          control.o
    0x240003ac        -       0x0000002c   Zero   RW         1584    .bss.cmd_6          control.o
    0x240003d8        -       0x0000002c   Zero   RW         1585    .bss.cmd_7          control.o
    0x24000404        -       0x0000003c   Zero   RW         1586    .bss.data_0         control.o
    0x24000440        -       0x0000003c   Zero   RW         1587    .bss.data_1         control.o
    0x2400047c        -       0x0000003c   Zero   RW         1588    .bss.data_2         control.o
    0x240004b8        -       0x0000003c   Zero   RW         1589    .bss.data_3         control.o
    0x240004f4        -       0x0000003c   Zero   RW         1590    .bss.data_4         control.o
    0x24000530        -       0x0000003c   Zero   RW         1591    .bss.data_5         control.o
    0x2400056c        -       0x0000003c   Zero   RW         1592    .bss.data_6         control.o
    0x240005a8        -       0x0000003c   Zero   RW         1593    .bss.data_7         control.o
    0x240005e4        -       0x00000078   Zero   RW           87    .bss.hdma_uart5_rx  usart.o
    0x2400065c        -       0x00000078   Zero   RW           88    .bss.hdma_usart2_rx  usart.o
    0x240006d4        -       0x00000078   Zero   RW           89    .bss.hdma_usart2_tx  usart.o
    0x2400074c        -       0x00000078   Zero   RW           90    .bss.hdma_usart3_rx  usart.o
    0x240007c4        -       0x00000078   Zero   RW           91    .bss.hdma_usart3_tx  usart.o
    0x2400083c        -       0x0000004c   Zero   RW           65    .bss.htim1          tim.o
    0x24000888        -       0x00000094   Zero   RW           85    .bss.huart2         usart.o
    0x2400091c        -       0x00000094   Zero   RW           86    .bss.huart3         usart.o
    0x240009b0        -       0x00000094   Zero   RW           84    .bss.huart5         usart.o
    0x24000a44        -       0x00000004   Zero   RW          760    .bss.uwTick         stm32h7xx_hal.o
    0x24000a48        -       0x00000200   Zero   RW            2    HEAP                startup_stm32h723xx.o
    0x24000c48        -       0x00000400   Zero   RW            1    STACK               startup_stm32h723xx.o


==============================================================================

Image component sizes


      Code (inc. data)   RO Data    RW Data    ZI Data      Debug   Object Name

      1094          0          0        130        832      10100   control.o
       274          0        512          0          0       1781   crc_ccitt.o
       116          0          0          0          0       5413   dma.o
       664         60          0          0          0       2434   gom_protocol.o
       104          0          0          0          0       2312   gpio.o
      1826         20          0          4        410      12553   main.o
       458         28          0          8          0       4595   motion.o
        38          0          0          0          0       1764   my_system.o
       100          0          0          0          0       1858   pid.o
        72         30        716          0       1536        844   startup_stm32h723xx.o
       254          0          0          8          4      15941   stm32h7xx_hal.o
       354          0          0          0          0      12419   stm32h7xx_hal_cortex.o
      7728         12          0          0          0      17941   stm32h7xx_hal_dma.o
       418          0          0          0          0       7017   stm32h7xx_hal_gpio.o
        32          0          0          0          0       2233   stm32h7xx_hal_msp.o
        76          0          0          0          0       9644   stm32h7xx_hal_pwr_ex.o
      2488         16          0          0          0      11367   stm32h7xx_hal_rcc.o
      3946        138          0          0          0      19732   stm32h7xx_hal_rcc_ex.o
      1576          0          0          0          0      65818   stm32h7xx_hal_tim.o
       228          0          0          0          0      26283   stm32h7xx_hal_tim_ex.o
     10074        332         36          0          0      43595   stm32h7xx_hal_uart.o
       632          0         16          0          0      11566   stm32h7xx_hal_uart_ex.o
       128          0          0          0          0       7406   stm32h7xx_it.o
       254          0         16          8          0       5644   system_stm32h7xx.o
       184          0          0          0         76       9914   tim.o
      1184          0          0          0       1044      12828   usart.o

    ----------------------------------------------------------------------
     34746        664       1328        164       3908     323002   Object Totals
         0          0         32          0          0          0   (incl. Generated)
       444         28          0          6          6          0   (incl. Padding)

    ----------------------------------------------------------------------

      Code (inc. data)   RO Data    RW Data    ZI Data      Debug   Library Member Name

         8          0          0          0          0         68   __main.o
         0          0          0          0          0          0   __rtentry.o
        12          0          0          0          0          0   __rtentry2.o
         6          0          0          0          0          0   __rtentry4.o
        94          8          0          0          0          0   __scatter.o
        26          0          0          0          0          0   __scatter_copy.o
        28          0          0          0          0          0   __scatter_zi.o
        22          0          0          0          0        100   _rserrno.o
        18          0          0          0          0         80   exit.o
         6          0          0          0          0        152   heapauxi.o
         0          0          0          0          0          0   indicate_semi.o
         2          0          0          0          0          0   libinit.o
         6          0          0          0          0          0   libinit2.o
         2          0          0          0          0          0   libshutdown.o
         2          0          0          0          0          0   libshutdown2.o
         8          4          0          0         96         68   libspace.o
       240          0          0          0          0        100   lludivv7m.o
         8          4          0          0          0         68   rt_errno_addr_intlibspace.o
        78          0          0          0          0         80   rt_memclr_w.o
       138          0          0          0          0         68   rt_memcpy_v6.o
       100          0          0          0          0         80   rt_memcpy_w.o
         2          0          0          0          0          0   rtexit.o
        10          0          0          0          0          0   rtexit2.o
        12          4          0          0          0         68   sys_exit.o
        74          0          0          0          0         80   sys_stackheap_outer.o
         2          0          0          0          0         68   use_no_semi.o
       140          4          0          0          0        132   fnaninf.o
        26          0          0          0          0        116   fpinit.o
       244          8          0          0          0        132   frem_clz.o
         0          0          0          0          0          0   usenofp.o
       280         46          0          0          0        176   acosf.o
       684         90          0          0          0        208   atan2f.o
       336         56          0          0          0        136   cosf.o
       176          0          0          0          0        168   fmodf.o
        38          0          0          0          0        116   fpclassifyf.o
        44         12          0          0          0        464   funder.o
       340         24         32          0          0        160   rredf.o
       400         56          0          0          0        212   sinf.o
        62          0          0          0          0        136   sqrtf.o

    ----------------------------------------------------------------------
      3686        316         32          0         96       3236   Library Totals
        12          0          0          0          0          0   (incl. Padding)

    ----------------------------------------------------------------------

      Code (inc. data)   RO Data    RW Data    ZI Data      Debug   Library Name

       904         20          0          0         96       1080   c_w.l
       410         12          0          0          0        380   fz_wv.l
      2360        284         32          0          0       1776   m_wv.l

    ----------------------------------------------------------------------
      3686        316         32          0         96       3236   Library Totals

    ----------------------------------------------------------------------

==============================================================================


      Code (inc. data)   RO Data    RW Data    ZI Data      Debug   

     38432        980       1360        164       4004     324058   Grand Totals
     38432        980       1360        164       4004     324058   ELF Image Totals
     38432        980       1360        164          0          0   ROM Totals

==============================================================================

    Total RO  Size (Code + RO Data)                39792 (  38.86kB)
    Total RW  Size (RW Data + ZI Data)              4168 (   4.07kB)
    Total ROM Size (Code + RO Data + RW Data)      39956 (  39.02kB)

==============================================================================

